Archive member included to satisfy reference by file (symbol)

f:/mounriver/mounriver_studio2/resources/app/resources/win32/components/wch/toolchain/risc-v embedded gcc/bin/../lib/gcc/riscv-none-embed/8.2.0/rv32imacxw/ilp32\libgcc.a(divdf3.o)
                              ./User/main.o (__divdf3)
f:/mounriver/mounriver_studio2/resources/app/resources/win32/components/wch/toolchain/risc-v embedded gcc/bin/../lib/gcc/riscv-none-embed/8.2.0/rv32imacxw/ilp32\libgcc.a(muldf3.o)
                              ./User/main.o (__muldf3)
f:/mounriver/mounriver_studio2/resources/app/resources/win32/components/wch/toolchain/risc-v embedded gcc/bin/../lib/gcc/riscv-none-embed/8.2.0/rv32imacxw/ilp32\libgcc.a(floatsidf.o)
                              ./User/main.o (__floatsidf)
f:/mounriver/mounriver_studio2/resources/app/resources/win32/components/wch/toolchain/risc-v embedded gcc/bin/../lib/gcc/riscv-none-embed/8.2.0/rv32imacxw/ilp32\libgcc.a(addsf3.o)
                              ./User/code/src/lead.o (__addsf3)
f:/mounriver/mounriver_studio2/resources/app/resources/win32/components/wch/toolchain/risc-v embedded gcc/bin/../lib/gcc/riscv-none-embed/8.2.0/rv32imacxw/ilp32\libgcc.a(gesf2.o)
                              ./User/code/src/pid.o (__gtsf2)
f:/mounriver/mounriver_studio2/resources/app/resources/win32/components/wch/toolchain/risc-v embedded gcc/bin/../lib/gcc/riscv-none-embed/8.2.0/rv32imacxw/ilp32\libgcc.a(lesf2.o)
                              ./User/code/src/pid.o (__ltsf2)
f:/mounriver/mounriver_studio2/resources/app/resources/win32/components/wch/toolchain/risc-v embedded gcc/bin/../lib/gcc/riscv-none-embed/8.2.0/rv32imacxw/ilp32\libgcc.a(mulsf3.o)
                              ./User/code/src/adc.o (__mulsf3)
f:/mounriver/mounriver_studio2/resources/app/resources/win32/components/wch/toolchain/risc-v embedded gcc/bin/../lib/gcc/riscv-none-embed/8.2.0/rv32imacxw/ilp32\libgcc.a(subsf3.o)
                              ./User/code/src/adc.o (__subsf3)
f:/mounriver/mounriver_studio2/resources/app/resources/win32/components/wch/toolchain/risc-v embedded gcc/bin/../lib/gcc/riscv-none-embed/8.2.0/rv32imacxw/ilp32\libgcc.a(fixunssfsi.o)
                              ./User/main.o (__fixunssfsi)
f:/mounriver/mounriver_studio2/resources/app/resources/win32/components/wch/toolchain/risc-v embedded gcc/bin/../lib/gcc/riscv-none-embed/8.2.0/rv32imacxw/ilp32\libgcc.a(floatsisf.o)
                              ./User/code/src/adc.o (__floatsisf)
f:/mounriver/mounriver_studio2/resources/app/resources/win32/components/wch/toolchain/risc-v embedded gcc/bin/../lib/gcc/riscv-none-embed/8.2.0/rv32imacxw/ilp32\libgcc.a(floatunsisf.o)
                              ./User/main.o (__floatunsisf)
f:/mounriver/mounriver_studio2/resources/app/resources/win32/components/wch/toolchain/risc-v embedded gcc/bin/../lib/gcc/riscv-none-embed/8.2.0/rv32imacxw/ilp32\libgcc.a(extendsfdf2.o)
                              ./User/main.o (__extendsfdf2)
f:/mounriver/mounriver_studio2/resources/app/resources/win32/components/wch/toolchain/risc-v embedded gcc/bin/../lib/gcc/riscv-none-embed/8.2.0/rv32imacxw/ilp32\libgcc.a(save-restore.o)
                              ./User/main.o (__riscv_save_12)
f:/mounriver/mounriver_studio2/resources/app/resources/win32/components/wch/toolchain/risc-v embedded gcc/bin/../lib/gcc/riscv-none-embed/8.2.0/rv32imacxw/ilp32\libgcc.a(_clzsi2.o)
                              f:/mounriver/mounriver_studio2/resources/app/resources/win32/components/wch/toolchain/risc-v embedded gcc/bin/../lib/gcc/riscv-none-embed/8.2.0/rv32imacxw/ilp32\libgcc.a(divdf3.o) (__clzsi2)
f:/mounriver/mounriver_studio2/resources/app/resources/win32/components/wch/toolchain/risc-v embedded gcc/bin/../lib/gcc/riscv-none-embed/8.2.0/rv32imacxw/ilp32\libgcc.a(_clz.o)
                              f:/mounriver/mounriver_studio2/resources/app/resources/win32/components/wch/toolchain/risc-v embedded gcc/bin/../lib/gcc/riscv-none-embed/8.2.0/rv32imacxw/ilp32\libgcc.a(_clzsi2.o) (__clz_tab)
f:/mounriver/mounriver_studio2/resources/app/resources/win32/components/wch/toolchain/risc-v embedded gcc/bin/../lib/gcc/riscv-none-embed/8.2.0/../../../../riscv-none-embed/lib/rv32imacxw/ilp32\libg_nano.a(lib_a-memset.o)
                              ./User/code/src/adc.o (memset)
f:/mounriver/mounriver_studio2/resources/app/resources/win32/components/wch/toolchain/risc-v embedded gcc/bin/../lib/gcc/riscv-none-embed/8.2.0/../../../../riscv-none-embed/lib/rv32imacxw/ilp32\libg_nano.a(lib_a-nano-vfprintf_float.o)
                              (_printf_float)
f:/mounriver/mounriver_studio2/resources/app/resources/win32/components/wch/toolchain/risc-v embedded gcc/bin/../lib/gcc/riscv-none-embed/8.2.0/../../../../riscv-none-embed/lib/rv32imacxw/ilp32\libg_nano.a(lib_a-nano-vfprintf_i.o)
[...]
Memory Configuration

Name             Origin             Length             Attributes
FLASH            0x0000000000000000 0x0000000000048000 xr
RAM              0x0000000020000000 0x0000000000008000 xrw
*default*        0x0000000000000000 0xffffffffffffffff

Linker script and memory map

LOAD ./ref/main.o
LOAD ./User/code/src/adc.o
LOAD ./User/code/src/lead.o
LOAD ./User/code/src/pid.o
LOAD ./User/code/src/pwm.o
LOAD ./User/ch32v30x_it.o
LOAD ./User/main.o
LOAD ./User/system_ch32v30x.o
LOAD ./Startup/startup_ch32v30x_D8C.o
LOAD ./Peripheral/src/ch32v30x_adc.o
LOAD ./Peripheral/src/ch32v30x_bkp.o
LOAD ./Peripheral/src/ch32v30x_can.o
LOAD ./Peripheral/src/ch32v30x_crc.o
LOAD ./Peripheral/src/ch32v30x_dac.o
LOAD ./Peripheral/src/ch32v30x_dbgmcu.o
LOAD ./Peripheral/src/ch32v30x_dma.o
LOAD ./Peripheral/src/ch32v30x_dvp.o
LOAD ./Peripheral/src/ch32v30x_eth.o
LOAD ./Peripheral/src/ch32v30x_exti.o
LOAD ./Peripheral/src/ch32v30x_flash.o
LOAD ./Peripheral/src/ch32v30x_fsmc.o
LOAD ./Peripheral/src/ch32v30x_gpio.o
LOAD ./Peripheral/src/ch32v30x_i2c.o
LOAD ./Peripheral/src/ch32v30x_iwdg.o
LOAD ./Peripheral/src/ch32v30x_misc.o
LOAD ./Peripheral/src/ch32v30x_opa.o
LOAD ./Peripheral/src/ch32v30x_pwr.o
LOAD ./Peripheral/src/ch32v30x_rcc.o
LOAD ./Peripheral/src/ch32v30x_rng.o
LOAD ./Peripheral/src/ch32v30x_rtc.o
LOAD ./Peripheral/src/ch32v30x_sdio.o
LOAD ./Peripheral/src/ch32v30x_spi.o
LOAD ./Peripheral/src/ch32v30x_tim.o
LOAD ./Peripheral/src/ch32v30x_usart.o
LOAD ./Peripheral/src/ch32v30x_wwdg.o
LOAD ./Debug/debug.o
LOAD ./Core/core_riscv.o
LOAD f:/mounriver/mounriver_studio2/resources/app/resources/win32/components/wch/toolchain/risc-v embedded gcc/bin/../lib/gcc/riscv-none-embed/8.2.0/../../../../riscv-none-embed/lib/rv32imacxw/ilp32\libm.a
LOAD f:/mounriver/mounriver_studio2/resources/app/resources/win32/components/wch/toolchain/risc-v embedded gcc/bin/../lib/gcc/riscv-none-embed/8.2.0/rv32imacxw/ilp32\libgcc.a
LOAD f:/mounriver/mounriver_studio2/resources/app/resources/win32/components/wch/toolchain/risc-v embedded gcc/bin/../lib/gcc/riscv-none-embed/8.2.0/../../../../riscv-none-embed/lib/rv32imacxw/ilp32\libg_nano.a
LOAD f:/mounriver/mounriver_studio2/resources/app/resources/win32/components/wch/toolchain/risc-v embedded gcc/bin/../lib/gcc/riscv-none-embed/8.2.0/../../../../riscv-none-embed/lib/rv32imacxw/ilp32\libc_nano.a
LOAD f:/mounriver/mounriver_studio2/resources/app/resources/win32/components/wch/toolchain/risc-v embedded gcc/bin/../lib/gcc/riscv-none-embed/8.2.0/rv32imacxw/ilp32\libgcc.a
START GROUP
LOAD f:/mounriver/mounriver_studio2/resources/app/resources/win32/components/wch/toolchain/risc-v embedded gcc/bin/../lib/gcc/riscv-none-embed/8.2.0/rv32imacxw/ilp32\libgcc.a
LOAD f:/mounriver/mounriver_studio2/resources/app/resources/win32/components/wch/toolchain/risc-v embedded gcc/bin/../lib/gcc/riscv-none-embed/8.2.0/../../../../riscv-none-embed/lib/rv32imacxw/ilp32\libc_nano.a
LOAD f:/mounriver/mounriver_studio2/resources/app/resources/win32/components/wch/toolchain/risc-v embedded gcc/bin/../lib/gcc/riscv-none-embed/8.2.0/../../../../riscv-none-embed/lib/rv32imacxw/ilp32\libnosys.a
END GROUP
START GROUP
LOAD f:/mounriver/mounriver_studio2/resources/app/resources/win32/components/wch/toolchain/risc-v embedded gcc/bin/../lib/gcc/riscv-none-embed/8.2.0/rv32imacxw/ilp32\libgcc.a
LOAD f:/mounriver/mounriver_studio2/resources/app/resources/win32/components/wch/toolchain/risc-v embedded gcc/bin/../lib/gcc/riscv-none-embed/8.2.0/../../../../riscv-none-embed/lib/rv32imacxw/ilp32\libc_nano.a
LOAD f:/mounriver/mounriver_studio2/resources/app/resources/win32/components/wch/toolchain/risc-v embedded gcc/bin/../lib/gcc/riscv-none-embed/8.2.0/../../../../riscv-none-embed/lib/rv32imacxw/ilp32\libnosys.a
END GROUP
                0x0000000000000800                __stack_size = 0x800
                [!provide]                        PROVIDE (_stack_size = __stack_size)

.init           0x0000000000000000        0x4
                0x0000000000000000                _sinit = .
                0x0000000000000000                . = ALIGN (0x4)
 *(SORT_NONE(.init))
 .init          0x0000000000000000        0x4 ./Startup/startup_ch32v30x_D8C.o
                0x0000000000000000                _start
                0x0000000000000004                . = ALIGN (0x4)
                0x0000000000000004                _einit = .

.vector         0x0000000000000004      0x1bc
 *(.vector)
 .vector        0x0000000000000004      0x1a0 ./Startup/startup_ch32v30x_D8C.o
                0x00000000000001c0                . = ALIGN (0x40)
 *fill*         0x00000000000001a4       0x1c 

.text           0x00000000000001c0     0xb054
                0x00000000000001c0                . = ALIGN (0x4)
 *(.text)
 .text          0x00000000000001c0       0x60 f:/mounriver/mounriver_studio2/resources/app/resources/win32/components/wch/toolchain/risc-v embedded gcc/bin/../lib/gcc/riscv-none-embed/8.2.0/rv32imacxw/ilp32\libgcc.a(save-restore.o)
                0x00000000000001c0                __riscv_save_12
                0x00000000000001c8                __riscv_save_9
                0x00000000000001c8                __riscv_save_11
                0x00000000000001c8                __riscv_save_10
                0x00000000000001c8                __riscv_save_8
                0x00000000000001d6                __riscv_save_4
                0x00000000000001d6                __riscv_save_6
                0x00000000000001d6                __riscv_save_5
                0x00000000000001d6                __riscv_save_7
                0x00000000000001f0                __riscv_save_3
                0x00000000000001f0                __riscv_save_2
                0x00000000000001f0                __riscv_save_1
                0x00000000000001f0                __riscv_save_0
                0x00000000000001fc                __riscv_restore_12
                0x0000000000000200                __riscv_restore_11
                0x0000000000000200                __riscv_restore_9
                0x0000000000000200                __riscv_restore_10
                0x0000000000000200                __riscv_restore_8
                0x000000000000020a                __riscv_restore_5
                0x000000000000020a                __riscv_restore_7
                0x000000000000020a                __riscv_restore_6
                0x000000000000020a                __riscv_restore_4
                0x0000000000000214                __riscv_restore_3
                0x0000000000000214                __riscv_restore_0
                0x0000000000000214                __riscv_restore_2
                0x0000000000000214                __riscv_restore_1
 .text          0x0000000000000220       0xa8 f:/mounriver/mounriver_studio2/resources/app/resources/win32/components/wch/toolchain/risc-v embedded gcc/bin/../lib/gcc/riscv-none-embed/8.2.0/../../../../riscv-none-embed/lib/rv32imacxw/ilp32\libg_nano.a(lib_a-memset.o)
                0x0000000000000220                memset
 .text          0x00000000000002c8      0x11a f:/mounriver/mounriver_studio2/resources/app/resources/win32/components/wch/toolchain/risc-v embedded gcc/bin/../lib/gcc/riscv-none-embed/8.2.0/../../../../riscv-none-embed/lib/rv32imacxw/ilp32\libg_nano.a(lib_a-strcmp.o)
                0x00000000000002c8                strcmp
 *(.text.*)
 .text.sample_run
                0x00000000000003e2       0xa6 ./User/code/src/adc.o
                0x00000000000003e2                sample_run
 .text.ADC_Function_Init
                0x0000000000000488      0x206 ./User/code/src/adc.o
                0x0000000000000488                ADC_Function_Init
 .text.ADC1_2_IRQHandler
                0x000000000000068e       0x9a ./User/code/src/adc.o
                0x000000000000068e                ADC1_2_IRQHandler
 .text.lead_init
                0x0000000000000728       0x1c ./User/code/src/lead.o
                0x0000000000000728                lead_init
 .text.lead_ctrl
                0x0000000000000744       0x44 ./User/code/src/lead.o
                0x0000000000000744                lead_ctrl
 .text.pid_init
                0x0000000000000788       0x34 ./User/code/src/pid.o
                0x0000000000000788                pid_init
 .text.pid_ctrl
                0x00000000000007bc       0x94 ./User/code/src/pid.o
                0x00000000000007bc                pid_ctrl
 .text.TIM1_Dead_Time_Init
                0x0000000000000850      0x174 ./User/code/src/pwm.o
                0x0000000000000850                TIM1_Dead_Time_Init
 .text.NMI_Handler
                0x00000000000009c4        0x2 ./User/ch32v30x_it.o
                0x00000000000009c4                NMI_Handler
 .text.HardFault_Handler
                0x00000000000009c6       0x10 ./User/ch32v30x_it.o
                0x00000000000009c6                HardFault_Handler
 .text.conv_mode_select
                0x00000000000009d6       0x58 ./User/main.o
                0x00000000000009d6                conv_mode_select
 .text.pid_switch_params
                0x0000000000000a2e       0x94 ./User/main.o
                0x0000000000000a2e                pid_switch_params
 .text.pwm_update
                0x0000000000000ac2       0x78 ./User/main.o
                0x0000000000000ac2                pwm_update
 .text.startup.main
                0x0000000000000b3a      0x42e ./User/main.o
                0x0000000000000b3a                main
 .text.SystemInit
                0x0000000000000f68       0xf8 ./User/system_ch32v30x.o
                0x0000000000000f68                SystemInit
 .text.SystemCoreClockUpdate
                0x0000000000001060      0x12a ./User/system_ch32v30x.o
                0x0000000000001060                SystemCoreClockUpdate
 .text.vector_handler
                0x000000000000118a        0x2 ./Startup/startup_ch32v30x_D8C.o
                0x000000000000118a                EXTI2_IRQHandler
                0x000000000000118a                TIM8_TRG_COM_IRQHandler
                0x000000000000118a                TIM8_CC_IRQHandler
                0x000000000000118a                UART8_IRQHandler
                0x000000000000118a                TIM1_CC_IRQHandler
                0x000000000000118a                TIM6_IRQHandler
                0x000000000000118a                SysTick_Handler
                0x000000000000118a                PVD_IRQHandler
                0x000000000000118a                SDIO_IRQHandler
                0x000000000000118a                TIM9_BRK_IRQHandler
                0x000000000000118a                DMA2_Channel8_IRQHandler
                0x000000000000118a                CAN2_RX1_IRQHandler
                0x000000000000118a                EXTI3_IRQHandler
                0x000000000000118a                USBHS_IRQHandler
                0x000000000000118a                DMA2_Channel9_IRQHandler
                0x000000000000118a                TIM10_CC_IRQHandler
                0x000000000000118a                USBFS_IRQHandler
                0x000000000000118a                EXTI0_IRQHandler
                0x000000000000118a                I2C2_EV_IRQHandler
                0x000000000000118a                TIM10_TRG_COM_IRQHandler
                0x000000000000118a                CAN2_SCE_IRQHandler
                0x000000000000118a                Break_Point_Handler
                0x000000000000118a                SPI1_IRQHandler
                0x000000000000118a                TAMPER_IRQHandler
                0x000000000000118a                CAN2_RX0_IRQHandler
                0x000000000000118a                TIM8_UP_IRQHandler
                0x000000000000118a                Ecall_M_Mode_Handler
                0x000000000000118a                DMA2_Channel2_IRQHandler
                0x000000000000118a                DMA1_Channel4_IRQHandler
                0x000000000000118a                TIM9_UP_IRQHandler
                0x000000000000118a                USART3_IRQHandler
                0x000000000000118a                RTC_IRQHandler
                0x000000000000118a                DMA1_Channel7_IRQHandler
                0x000000000000118a                CAN1_RX1_IRQHandler
                0x000000000000118a                DVP_IRQHandler
                0x000000000000118a                UART5_IRQHandler
                0x000000000000118a                TIM4_IRQHandler
                0x000000000000118a                DMA2_Channel1_IRQHandler
                0x000000000000118a                I2C1_EV_IRQHandler
                0x000000000000118a                DMA1_Channel6_IRQHandler
                0x000000000000118a                UART4_IRQHandler
                0x000000000000118a                DMA2_Channel4_IRQHandler
                0x000000000000118a                TIM3_IRQHandler
                0x000000000000118a                RCC_IRQHandler
                0x000000000000118a                TIM1_TRG_COM_IRQHandler
                0x000000000000118a                DMA1_Channel1_IRQHandler
                0x000000000000118a                DMA2_Channel7_IRQHandler
                0x000000000000118a                EXTI15_10_IRQHandler
                0x000000000000118a                TIM7_IRQHandler
                0x000000000000118a                CAN2_TX_IRQHandler
                0x000000000000118a                TIM5_IRQHandler
                0x000000000000118a                EXTI9_5_IRQHandler
                0x000000000000118a                ETH_WKUP_IRQHandler
                0x000000000000118a                SPI2_IRQHandler
                0x000000000000118a                TIM10_BRK_IRQHandler
                0x000000000000118a                TIM9_CC_IRQHandler
                0x000000000000118a                DMA2_Channel5_IRQHandler
                0x000000000000118a                DMA1_Channel5_IRQHandler
                0x000000000000118a                EXTI4_IRQHandler
                0x000000000000118a                USB_LP_CAN1_RX0_IRQHandler
                0x000000000000118a                RNG_IRQHandler
                0x000000000000118a                USB_HP_CAN1_TX_IRQHandler
                0x000000000000118a                DMA1_Channel3_IRQHandler
                0x000000000000118a                ETH_IRQHandler
                0x000000000000118a                TIM1_UP_IRQHandler
                0x000000000000118a                WWDG_IRQHandler
                0x000000000000118a                USBHSWakeup_IRQHandler
                0x000000000000118a                DMA2_Channel11_IRQHandler
                0x000000000000118a                Ecall_U_Mode_Handler
                0x000000000000118a                DMA2_Channel6_IRQHandler
                0x000000000000118a                TIM2_IRQHandler
                0x000000000000118a                SW_Handler
                0x000000000000118a                TIM1_BRK_IRQHandler
                0x000000000000118a                DMA2_Channel10_IRQHandler
                0x000000000000118a                EXTI1_IRQHandler
                0x000000000000118a                RTCAlarm_IRQHandler
                0x000000000000118a                TIM10_UP_IRQHandler
                0x000000000000118a                TIM9_TRG_COM_IRQHandler
                0x000000000000118a                UART7_IRQHandler
                0x000000000000118a                USART2_IRQHandler
                0x000000000000118a                UART6_IRQHandler
                0x000000000000118a                I2C2_ER_IRQHandler
                0x000000000000118a                DMA1_Channel2_IRQHandler
                0x000000000000118a                TIM8_BRK_IRQHandler
                0x000000000000118a                CAN1_SCE_IRQHandler
                0x000000000000118a                FLASH_IRQHandler
                0x000000000000118a                SPI3_IRQHandler
                0x000000000000118a                I2C1_ER_IRQHandler
                0x000000000000118a                USBWakeUp_IRQHandler
                0x000000000000118a                DMA2_Channel3_IRQHandler
 .text.handle_reset
                0x000000000000118c       0x8a ./Startup/startup_ch32v30x_D8C.o
                0x000000000000118c                handle_reset
 .text.ADC_DeInit
                0x0000000000001216       0x46 ./Peripheral/src/ch32v30x_adc.o
                0x0000000000001216                ADC_DeInit
 .text.ADC_Init
                0x000000000000125c       0x56 ./Peripheral/src/ch32v30x_adc.o
                0x000000000000125c                ADC_Init
 .text.ADC_Cmd  0x00000000000012b2       0x10 ./Peripheral/src/ch32v30x_adc.o
                0x00000000000012b2                ADC_Cmd
 .text.ADC_ITConfig
                0x00000000000012c2       0x16 ./Peripheral/src/ch32v30x_adc.o
                0x00000000000012c2                ADC_ITConfig
 .text.ADC_ResetCalibration
                0x00000000000012d8        0xa ./Peripheral/src/ch32v30x_adc.o
                0x00000000000012d8                ADC_ResetCalibration
 .text.ADC_GetResetCalibrationStatus
                0x00000000000012e2        0x8 ./Peripheral/src/ch32v30x_adc.o
                0x00000000000012e2                ADC_GetResetCalibrationStatus
 .text.ADC_StartCalibration
                0x00000000000012ea        0xa ./Peripheral/src/ch32v30x_adc.o
                0x00000000000012ea                ADC_StartCalibration
 .text.ADC_GetCalibrationStatus
                0x00000000000012f4        0x8 ./Peripheral/src/ch32v30x_adc.o
                0x00000000000012f4                ADC_GetCalibrationStatus
 .text.ADC_ExternalTrigInjectedConvConfig
                0x00000000000012fc        0xe ./Peripheral/src/ch32v30x_adc.o
                0x00000000000012fc                ADC_ExternalTrigInjectedConvConfig
 .text.ADC_ExternalTrigInjectedConvCmd
                0x000000000000130a       0x14 ./Peripheral/src/ch32v30x_adc.o
                0x000000000000130a                ADC_ExternalTrigInjectedConvCmd
 .text.ADC_InjectedChannelConfig
                0x000000000000131e       0x7a ./Peripheral/src/ch32v30x_adc.o
                0x000000000000131e                ADC_InjectedChannelConfig
 .text.ADC_InjectedSequencerLengthConfig
                0x0000000000001398       0x14 ./Peripheral/src/ch32v30x_adc.o
                0x0000000000001398                ADC_InjectedSequencerLengthConfig
 .text.ADC_GetInjectedConversionValue
                0x00000000000013ac       0x1c ./Peripheral/src/ch32v30x_adc.o
                0x00000000000013ac                ADC_GetInjectedConversionValue
 .text.ADC_GetITStatus
                0x00000000000013c8       0x1c ./Peripheral/src/ch32v30x_adc.o
                0x00000000000013c8                ADC_GetITStatus
 .text.ADC_ClearITPendingBit
                0x00000000000013e4        0xa ./Peripheral/src/ch32v30x_adc.o
                0x00000000000013e4                ADC_ClearITPendingBit
 .text.ADC_BufferCmd
                0x00000000000013ee       0x18 ./Peripheral/src/ch32v30x_adc.o
                0x00000000000013ee                ADC_BufferCmd
 .text.Get_CalibrationValue
                0x0000000000001406      0x130 ./Peripheral/src/ch32v30x_adc.o
                0x0000000000001406                Get_CalibrationValue
 .text.DBGMCU_GetCHIPID
                0x0000000000001536        0xa ./Peripheral/src/ch32v30x_dbgmcu.o
                0x0000000000001536                DBGMCU_GetCHIPID
 .text.DMA_DeInit
                0x0000000000001540      0x16c ./Peripheral/src/ch32v30x_dma.o
                0x0000000000001540                DMA_DeInit
 .text.DMA_Init
                0x00000000000016ac       0x38 ./Peripheral/src/ch32v30x_dma.o
                0x00000000000016ac                DMA_Init
 .text.DMA_Cmd  0x00000000000016e4       0x14 ./Peripheral/src/ch32v30x_dma.o
                0x00000000000016e4                DMA_Cmd
 .text.DMA_SetCurrDataCounter
                0x00000000000016f8        0x4 ./Peripheral/src/ch32v30x_dma.o
                0x00000000000016f8                DMA_SetCurrDataCounter
 .text.DMA_GetCurrDataCounter
                0x00000000000016fc        0x8 ./Peripheral/src/ch32v30x_dma.o
                0x00000000000016fc                DMA_GetCurrDataCounter
 .text.GPIO_Init
                0x0000000000001704       0xc0 ./Peripheral/src/ch32v30x_gpio.o
                0x0000000000001704                GPIO_Init
 .text.GPIO_PinRemapConfig
                0x00000000000017c4       0xd6 ./Peripheral/src/ch32v30x_gpio.o
                0x00000000000017c4                GPIO_PinRemapConfig
 .text.NVIC_PriorityGroupConfig
                0x000000000000189a        0x6 ./Peripheral/src/ch32v30x_misc.o
                0x000000000000189a                NVIC_PriorityGroupConfig
 .text.NVIC_Init
                0x00000000000018a0       0x5c ./Peripheral/src/ch32v30x_misc.o
                0x00000000000018a0                NVIC_Init
 .text.RCC_ADCCLKConfig
                0x00000000000018fc       0x12 ./Peripheral/src/ch32v30x_rcc.o
                0x00000000000018fc                RCC_ADCCLKConfig
 .text.RCC_GetClocksFreq
                0x000000000000190e      0x176 ./Peripheral/src/ch32v30x_rcc.o
                0x000000000000190e                RCC_GetClocksFreq
 .text.RCC_AHBPeriphClockCmd
                0x0000000000001a84       0x1e ./Peripheral/src/ch32v30x_rcc.o
                0x0000000000001a84                RCC_AHBPeriphClockCmd
 .text.RCC_APB2PeriphClockCmd
                0x0000000000001aa2       0x1e ./Peripheral/src/ch32v30x_rcc.o
                0x0000000000001aa2                RCC_APB2PeriphClockCmd
 .text.RCC_APB2PeriphResetCmd
                0x0000000000001ac0       0x1e ./Peripheral/src/ch32v30x_rcc.o
                0x0000000000001ac0                RCC_APB2PeriphResetCmd
 .text.TIM_TimeBaseInit
                0x0000000000001ade       0xee ./Peripheral/src/ch32v30x_tim.o
                0x0000000000001ade                TIM_TimeBaseInit
 .text.TIM_OC1Init
                0x0000000000001bcc       0x82 ./Peripheral/src/ch32v30x_tim.o
                0x0000000000001bcc                TIM_OC1Init
 .text.TIM_OC2Init
                0x0000000000001c4e       0xae ./Peripheral/src/ch32v30x_tim.o
                0x0000000000001c4e                TIM_OC2Init
 .text.TIM_OC4Init
                0x0000000000001cfc       0x88 ./Peripheral/src/ch32v30x_tim.o
                0x0000000000001cfc                TIM_OC4Init
 .text.TIM_BDTRConfig
                0x0000000000001d84       0x20 ./Peripheral/src/ch32v30x_tim.o
                0x0000000000001d84                TIM_BDTRConfig
 .text.TIM_Cmd  0x0000000000001da4       0x18 ./Peripheral/src/ch32v30x_tim.o
                0x0000000000001da4                TIM_Cmd
 .text.TIM_CtrlPWMOutputs
                0x0000000000001dbc       0x16 ./Peripheral/src/ch32v30x_tim.o
                0x0000000000001dbc                TIM_CtrlPWMOutputs
 .text.TIM_ARRPreloadConfig
                0x0000000000001dd2       0x1a ./Peripheral/src/ch32v30x_tim.o
                0x0000000000001dd2                TIM_ARRPreloadConfig
 .text.TIM_OC1PreloadConfig
                0x0000000000001dec        0xe ./Peripheral/src/ch32v30x_tim.o
                0x0000000000001dec                TIM_OC1PreloadConfig
 .text.TIM_SelectOutputTrigger
                0x0000000000001dfa       0x18 ./Peripheral/src/ch32v30x_tim.o
                0x0000000000001dfa                TIM_SelectOutputTrigger
 .text.TIM_SetCompare1
                0x0000000000001e12        0x4 ./Peripheral/src/ch32v30x_tim.o
                0x0000000000001e12                TIM_SetCompare1
 .text.TIM_SetCompare2
                0x0000000000001e16        0x4 ./Peripheral/src/ch32v30x_tim.o
                0x0000000000001e16                TIM_SetCompare2
 .text.TIM_SetCompare4
                0x0000000000001e1a        0x6 ./Peripheral/src/ch32v30x_tim.o
                0x0000000000001e1a                TIM_SetCompare4
 .text.USART_Init
                0x0000000000001e20       0x9e ./Peripheral/src/ch32v30x_usart.o
                0x0000000000001e20                USART_Init
 .text.USART_Cmd
                0x0000000000001ebe       0x16 ./Peripheral/src/ch32v30x_usart.o
                0x0000000000001ebe                USART_Cmd
 .text.USART_ITConfig
                0x0000000000001ed4       0x36 ./Peripheral/src/ch32v30x_usart.o
                0x0000000000001ed4                USART_ITConfig
 .text.USART_DMACmd
                0x0000000000001f0a       0x12 ./Peripheral/src/ch32v30x_usart.o
                0x0000000000001f0a                USART_DMACmd
 .text.USART_SendData
                0x0000000000001f1c        0x8 ./Peripheral/src/ch32v30x_usart.o
                0x0000000000001f1c                USART_SendData
 .text.USART_GetFlagStatus
                0x0000000000001f24        0xa ./Peripheral/src/ch32v30x_usart.o
                0x0000000000001f24                USART_GetFlagStatus
 .text.USART_ClearFlag
                0x0000000000001f2e        0xc ./Peripheral/src/ch32v30x_usart.o
                0x0000000000001f2e                USART_ClearFlag
 .text.USART_GetITStatus
                0x0000000000001f3a       0x3c ./Peripheral/src/ch32v30x_usart.o
                0x0000000000001f3a                USART_GetITStatus
 .text.Delay_Init
                0x0000000000001f76       0x26 ./Debug/debug.o
                0x0000000000001f76                Delay_Init
 .text.USART_Debug_Init
                0x0000000000001f9c       0x90 ./Debug/debug.o
                0x0000000000001f9c                USART_Debug_Init
 .text._write   0x000000000000202c       0x3a ./Debug/debug.o
                0x000000000000202c                _write
 .text._sbrk    0x0000000000002066       0x26 ./Debug/debug.o
                0x0000000000002066                _sbrk
 .text.USART1_DMA_Idle_Init
                0x000000000000208c       0x78 ./Debug/debug.o
                0x000000000000208c                USART1_DMA_Idle_Init
 .text.USART1_IRQHandler
                0x0000000000002104       0x84 ./Debug/debug.o
                0x0000000000002104                USART1_IRQHandler
 .text.debug_scanf
                0x0000000000002188       0x70 ./Debug/debug.o
                0x0000000000002188                debug_scanf
 .text.__divdf3
                0x00000000000021f8      0x5b4 f:/mounriver/mounriver_studio2/resources/app/resources/win32/components/wch/toolchain/risc-v embedded gcc/bin/../lib/gcc/riscv-none-embed/8.2.0/rv32imacxw/ilp32\libgcc.a(divdf3.o)
                0x00000000000021f8                __divdf3
 .text.__muldf3
                0x00000000000027ac      0x4b8 f:/mounriver/mounriver_studio2/resources/app/resources/win32/components/wch/toolchain/risc-v embedded gcc/bin/../lib/gcc/riscv-none-embed/8.2.0/rv32imacxw/ilp32\libgcc.a(muldf3.o)
                0x00000000000027ac                __muldf3
 .text.__floatsidf
                0x0000000000002c64       0x72 f:/mounriver/mounriver_studio2/resources/app/resources/win32/components/wch/toolchain/risc-v embedded gcc/bin/../lib/gcc/riscv-none-embed/8.2.0/rv32imacxw/ilp32\libgcc.a(floatsidf.o)
                0x0000000000002c64                __floatsidf
 .text.__addsf3
                0x0000000000002cd6      0x36a f:/mounriver/mounriver_studio2/resources/app/resources/win32/components/wch/toolchain/risc-v embedded gcc/bin/../lib/gcc/riscv-none-embed/8.2.0/rv32imacxw/ilp32\libgcc.a(addsf3.o)
                0x0000000000002cd6                __addsf3
 .text.__gesf2  0x0000000000003040       0x86 f:/mounriver/mounriver_studio2/resources/app/resources/win32/components/wch/toolchain/risc-v embedded gcc/bin/../lib/gcc/riscv-none-embed/8.2.0/rv32imacxw/ilp32\libgcc.a(gesf2.o)
                0x0000000000003040                __gesf2
                0x0000000000003040                __gtsf2
 .text.__lesf2  0x00000000000030c6       0x8c f:/mounriver/mounriver_studio2/resources/app/resources/win32/components/wch/toolchain/risc-v embedded gcc/bin/../lib/gcc/riscv-none-embed/8.2.0/rv32imacxw/ilp32\libgcc.a(lesf2.o)
                0x00000000000030c6                __ltsf2
                0x00000000000030c6                __lesf2
 .text.__mulsf3
                0x0000000000003152      0x290 f:/mounriver/mounriver_studio2/resources/app/resources/win32/components/wch/toolchain/risc-v embedded gcc/bin/../lib/gcc/riscv-none-embed/8.2.0/rv32imacxw/ilp32\libgcc.a(mulsf3.o)
                0x0000000000003152                __mulsf3
 .text.__subsf3
                0x00000000000033e2      0x388 f:/mounriver/mounriver_studio2/resources/app/resources/win32/components/wch/toolchain/risc-v embedded gcc/bin/../lib/gcc/riscv-none-embed/8.2.0/rv32imacxw/ilp32\libgcc.a(subsf3.o)
                0x00000000000033e2                __subsf3
 .text.__fixunssfsi
                0x000000000000376a       0x56 f:/mounriver/mounriver_studio2/resources/app/resources/win32/components/wch/toolchain/risc-v embedded gcc/bin/../lib/gcc/riscv-none-embed/8.2.0/rv32imacxw/ilp32\libgcc.a(fixunssfsi.o)
                0x000000000000376a                __fixunssfsi
 .text.__floatsisf
                0x00000000000037c0       0xc6 f:/mounriver/mounriver_studio2/resources/app/resources/win32/components/wch/toolchain/risc-v embedded gcc/bin/../lib/gcc/riscv-none-embed/8.2.0/rv32imacxw/ilp32\libgcc.a(floatsisf.o)
                0x00000000000037c0                __floatsisf
 .text.__floatunsisf
                0x0000000000003886       0xce f:/mounriver/mounriver_studio2/resources/app/resources/win32/components/wch/toolchain/risc-v embedded gcc/bin/../lib/gcc/riscv-none-embed/8.2.0/rv32imacxw/ilp32\libgcc.a(floatunsisf.o)
                0x0000000000003886                __floatunsisf
 .text.__extendsfdf2
                0x0000000000003954       0xac f:/mounriver/mounriver_studio2/resources/app/resources/win32/components/wch/toolchain/risc-v embedded gcc/bin/../lib/gcc/riscv-none-embed/8.2.0/rv32imacxw/ilp32\libgcc.a(extendsfdf2.o)
                0x0000000000003954                __extendsfdf2
 .text.__clzsi2
                0x0000000000003a00       0x6e f:/mounriver/mounriver_studio2/resources/app/resources/win32/components/wch/toolchain/risc-v embedded gcc/bin/../lib/gcc/riscv-none-embed/8.2.0/rv32imacxw/ilp32\libgcc.a(_clzsi2.o)
                0x0000000000003a00                __clzsi2
 .text.__cvt    0x0000000000003a6e       0xea f:/mounriver/mounriver_studio2/resources/app/resources/win32/components/wch/toolchain/risc-v embedded gcc/bin/../lib/gcc/riscv-none-embed/8.2.0/../../../../riscv-none-embed/lib/rv32imacxw/ilp32\libg_nano.a(lib_a-nano-vfprintf_float.o)
                0x0000000000003a6e                __cvt
 .text.__exponent
                0x0000000000003b58       0x84 f:/mounriver/mounriver_studio2/resources/app/resources/win32/components/wch/toolchain/risc-v embedded gcc/bin/../lib/gcc/riscv-none-embed/8.2.0/../../../../riscv-none-embed/lib/rv32imacxw/ilp32\libg_nano.a(lib_a-nano-vfprintf_float.o)
                0x0000000000003b58                __exponent
 .text._printf_float
                0x0000000000003bdc      0x4c0 f:/mounriver/mounriver_studio2/resources/app/resources/win32/components/wch/toolchain/risc-v embedded gcc/bin/../lib/gcc/riscv-none-embed/8.2.0/../../../../riscv-none-embed/lib/rv32imacxw/ilp32\libg_nano.a(lib_a-nano-vfprintf_float.o)
                0x0000000000003bdc                _printf_float
 .text._printf_common
                0x000000000000409c      0x10c f:/mounriver/mounriver_studio2/resources/app/resources/win32/components/wch/toolchain/risc-v embedded gcc/bin/../lib/gcc/riscv-none-embed/8.2.0/../../../../riscv-none-embed/lib/rv32imacxw/ilp32\libg_nano.a(lib_a-nano-vfprintf_i.o)
                0x000000000000409c                _printf_common
 .text._printf_i
                0x00000000000041a8      0x2a2 f:/mounriver/mounriver_studio2/resources/app/resources/win32/components/wch/toolchain/risc-v embedded gcc/bin/../lib/gcc/riscv-none-embed/8.2.0/../../../../riscv-none-embed/lib/rv32imacxw/ilp32\libg_nano.a(lib_a-nano-vfprintf_i.o)
                0x00000000000041a8                _printf_i
 .text._scanf_float
                0x000000000000444a      0x46c f:/mounriver/mounriver_studio2/resources/app/resources/win32/components/wch/toolchain/risc-v embedded gcc/bin/../lib/gcc/riscv-none-embed/8.2.0/../../../../riscv-none-embed/lib/rv32imacxw/ilp32\libg_nano.a(lib_a-nano-vfscanf_float.o)
                0x000000000000444a                _scanf_float
 .text.printf   0x00000000000048b6       0x42 f:/mounriver/mounriver_studio2/resources/app/resources/win32/components/wch/toolchain/risc-v embedded gcc/bin/../lib/gcc/riscv-none-embed/8.2.0/../../../../riscv-none-embed/lib/rv32imacxw/ilp32\libg_nano.a(lib_a-printf.o)
                0x00000000000048b6                iprintf
                0x00000000000048b6                printf
 .text._puts_r  0x00000000000048f8       0xde f:/mounriver/mounriver_studio2/resources/app/resources/win32/components/wch/toolchain/risc-v embedded gcc/bin/../lib/gcc/riscv-none-embed/8.2.0/../../../../riscv-none-embed/lib/rv32imacxw/ilp32\libg_nano.a(lib_a-puts.o)
                0x00000000000048f8                _puts_r
 .text.puts     0x00000000000049d6        0xa f:/mounriver/mounriver_studio2/resources/app/resources/win32/components/wch/toolchain/risc-v embedded gcc/bin/../lib/gcc/riscv-none-embed/8.2.0/../../../../riscv-none-embed/lib/rv32imacxw/ilp32\libg_nano.a(lib_a-puts.o)
                0x00000000000049d6                puts
 .text.nanf     0x00000000000049e0        0xc f:/mounriver/mounriver_studio2/resources/app/resources/win32/components/wch/toolchain/risc-v embedded gcc/bin/../lib/gcc/riscv-none-embed/8.2.0/../../../../riscv-none-embed/lib/rv32imacxw/ilp32\libg_nano.a(lib_a-sf_nan.o)
                0x00000000000049e0                nanf
 .text.sprintf  0x00000000000049ec       0x46 f:/mounriver/mounriver_studio2/resources/app/resources/win32/components/wch/toolchain/risc-v embedded gcc/bin/../lib/gcc/riscv-none-embed/8.2.0/../../../../riscv-none-embed/lib/rv32imacxw/ilp32\libg_nano.a(lib_a-sprintf.o)
                0x00000000000049ec                siprintf
                0x00000000000049ec                sprintf
 .text.strlen   0x0000000000004a32       0x12 f:/mounriver/mounriver_studio2/resources/app/resources/win32/components/wch/toolchain/risc-v embedded gcc/bin/../lib/gcc/riscv-none-embed/8.2.0/../../../../riscv-none-embed/lib/rv32imacxw/ilp32\libg_nano.a(lib_a-strlen.o)
                0x0000000000004a32                strlen
 .text.sulp     0x0000000000004a44       0x4e f:/mounriver/mounriver_studio2/resources/app/resources/win32/components/wch/toolchain/risc-v embedded gcc/bin/../lib/gcc/riscv-none-embed/8.2.0/../../../../riscv-none-embed/lib/rv32imacxw/ilp32\libg_nano.a(lib_a-strtod.o)
 .text._strtod_l
                0x0000000000004a92      0xc6a f:/mounriver/mounriver_studio2/resources/app/resources/win32/components/wch/toolchain/risc-v embedded gcc/bin/../lib/gcc/riscv-none-embed/8.2.0/../../../../riscv-none-embed/lib/rv32imacxw/ilp32\libg_nano.a(lib_a-strtod.o)
                0x0000000000004a92                _strtod_l
 .text._strtod_r
                0x00000000000056fc       0x16 f:/mounriver/mounriver_studio2/resources/app/resources/win32/components/wch/toolchain/risc-v embedded gcc/bin/../lib/gcc/riscv-none-embed/8.2.0/../../../../riscv-none-embed/lib/rv32imacxw/ilp32\libg_nano.a(lib_a-strtod.o)
                0x00000000000056fc                _strtod_r
 .text._strtol_l.isra.0
                0x0000000000005712      0x13a f:/mounriver/mounriver_studio2/resources/app/resources/win32/components/wch/toolchain/risc-v embedded gcc/bin/../lib/gcc/riscv-none-embed/8.2.0/../../../../riscv-none-embed/lib/rv32imacxw/ilp32\libg_nano.a(lib_a-strtol.o)
 .text._strtol_r
                0x000000000000584c       0x14 f:/mounriver/mounriver_studio2/resources/app/resources/win32/components/wch/toolchain/risc-v embedded gcc/bin/../lib/gcc/riscv-none-embed/8.2.0/../../../../riscv-none-embed/lib/rv32imacxw/ilp32\libg_nano.a(lib_a-strtol.o)
                0x000000000000584c                _strtol_r
 .text._vsscanf_r
                0x0000000000005860       0x4a f:/mounriver/mounriver_studio2/resources/app/resources/win32/components/wch/toolchain/risc-v embedded gcc/bin/../lib/gcc/riscv-none-embed/8.2.0/../../../../riscv-none-embed/lib/rv32imacxw/ilp32\libg_nano.a(lib_a-vsscanf.o)
                0x0000000000005860                _vsscanf_r
                0x0000000000005860                _vsiscanf_r
 .text.vsscanf  0x00000000000058aa        0xe f:/mounriver/mounriver_studio2/resources/app/resources/win32/components/wch/toolchain/risc-v embedded gcc/bin/../lib/gcc/riscv-none-embed/8.2.0/../../../../riscv-none-embed/lib/rv32imacxw/ilp32\libg_nano.a(lib_a-vsscanf.o)
                0x00000000000058aa                vsiscanf
                0x00000000000058aa                vsscanf
 .text.__swbuf_r
                0x00000000000058b8       0xc2 f:/mounriver/mounriver_studio2/resources/app/resources/win32/components/wch/toolchain/risc-v embedded gcc/bin/../lib/gcc/riscv-none-embed/8.2.0/../../../../riscv-none-embed/lib/rv32imacxw/ilp32\libg_nano.a(lib_a-wbuf.o)
                0x00000000000058b8                __swbuf_r
 .text.__swsetup_r
                0x000000000000597a      0x102 f:/mounriver/mounriver_studio2/resources/app/resources/win32/components/wch/toolchain/risc-v embedded gcc/bin/../lib/gcc/riscv-none-embed/8.2.0/../../../../riscv-none-embed/lib/rv32imacxw/ilp32\libg_nano.a(lib_a-wsetup.o)
                0x000000000000597a                __swsetup_r
 .text.quorem   0x0000000000005a7c      0x13a f:/mounriver/mounriver_studio2/resources/app/resources/win32/components/wch/toolchain/risc-v embedded gcc/bin/../lib/gcc/riscv-none-embed/8.2.0/../../../../riscv-none-embed/lib/rv32imacxw/ilp32\libg_nano.a(lib_a-dtoa.o)
 .text._dtoa_r  0x0000000000005bb6      0xc16 f:/mounriver/mounriver_studio2/resources/app/resources/win32/components/wch/toolchain/risc-v embedded gcc/bin/../lib/gcc/riscv-none-embed/8.2.0/../../../../riscv-none-embed/lib/rv32imacxw/ilp32\libg_nano.a(lib_a-dtoa.o)
                0x0000000000005bb6                _dtoa_r
 .text.__sflush_r
                0x00000000000067cc      0x132 f:/mounriver/mounriver_studio2/resources/app/resources/win32/components/wch/toolchain/risc-v embedded gcc/bin/../lib/gcc/riscv-none-embed/8.2.0/../../../../riscv-none-embed/lib/rv32imacxw/ilp32\libg_nano.a(lib_a-fflush.o)
                0x00000000000067cc                __sflush_r
 .text._fflush_r
                0x00000000000068fe       0x66 f:/mounriver/mounriver_studio2/resources/app/resources/win32/components/wch/toolchain/risc-v embedded gcc/bin/../lib/gcc/riscv-none-embed/8.2.0/../../../../riscv-none-embed/lib/rv32imacxw/ilp32\libg_nano.a(lib_a-fflush.o)
                0x00000000000068fe                _fflush_r
 .text.std      0x0000000000006964       0x66 f:/mounriver/mounriver_studio2/resources/app/resources/win32/components/wch/toolchain/risc-v embedded gcc/bin/../lib/gcc/riscv-none-embed/8.2.0/../../../../riscv-none-embed/lib/rv32imacxw/ilp32\libg_nano.a(lib_a-findfp.o)
 .text._cleanup_r
                0x00000000000069ca        0xa f:/mounriver/mounriver_studio2/resources/app/resources/win32/components/wch/toolchain/risc-v embedded gcc/bin/../lib/gcc/riscv-none-embed/8.2.0/../../../../riscv-none-embed/lib/rv32imacxw/ilp32\libg_nano.a(lib_a-findfp.o)
                0x00000000000069ca                _cleanup_r
 .text.__sfmoreglue
                0x00000000000069d4       0x48 f:/mounriver/mounriver_studio2/resources/app/resources/win32/components/wch/toolchain/risc-v embedded gcc/bin/../lib/gcc/riscv-none-embed/8.2.0/../../../../riscv-none-embed/lib/rv32imacxw/ilp32\libg_nano.a(lib_a-findfp.o)
                0x00000000000069d4                __sfmoreglue
 .text.__sinit  0x0000000000006a1c       0x6c f:/mounriver/mounriver_studio2/resources/app/resources/win32/components/wch/toolchain/risc-v embedded gcc/bin/../lib/gcc/riscv-none-embed/8.2.0/../../../../riscv-none-embed/lib/rv32imacxw/ilp32\libg_nano.a(lib_a-findfp.o)
                0x0000000000006a1c                __sinit
 .text.__sfp    0x0000000000006a88       0xa0 f:/mounriver/mounriver_studio2/resources/app/resources/win32/components/wch/toolchain/risc-v embedded gcc/bin/../lib/gcc/riscv-none-embed/8.2.0/../../../../riscv-none-embed/lib/rv32imacxw/ilp32\libg_nano.a(lib_a-findfp.o)
                0x0000000000006a88                __sfp
 .text._fwalk_reent
                0x0000000000006b28       0x6a f:/mounriver/mounriver_studio2/resources/app/resources/win32/components/wch/toolchain/risc-v embedded gcc/bin/../lib/gcc/riscv-none-embed/8.2.0/../../../../riscv-none-embed/lib/rv32imacxw/ilp32\libg_nano.a(lib_a-fwalk.o)
                0x0000000000006b28                _fwalk_reent
 .text.rshift   0x0000000000006b92       0x76 f:/mounriver/mounriver_studio2/resources/app/resources/win32/components/wch/toolchain/risc-v embedded gcc/bin/../lib/gcc/riscv-none-embed/8.2.0/../../../../riscv-none-embed/lib/rv32imacxw/ilp32\libg_nano.a(lib_a-gdtoa-gethex.o)
 .text.__hexdig_fun
                0x0000000000006c08       0x40 f:/mounriver/mounriver_studio2/resources/app/resources/win32/components/wch/toolchain/risc-v embedded gcc/bin/../lib/gcc/riscv-none-embed/8.2.0/../../../../riscv-none-embed/lib/rv32imacxw/ilp32\libg_nano.a(lib_a-gdtoa-gethex.o)
                0x0000000000006c08                __hexdig_fun
 .text.__gethex
                0x0000000000006c48      0x4ca f:/mounriver/mounriver_studio2/resources/app/resources/win32/components/wch/toolchain/risc-v embedded gcc/bin/../lib/gcc/riscv-none-embed/8.2.0/../../../../riscv-none-embed/lib/rv32imacxw/ilp32\libg_nano.a(lib_a-gdtoa-gethex.o)
                0x0000000000006c48                __gethex
 .text.L_shift  0x0000000000007112       0x2c f:/mounriver/mounriver_studio2/resources/app/resources/win32/components/wch/toolchain/risc-v embedded gcc/bin/../lib/gcc/riscv-none-embed/8.2.0/../../../../riscv-none-embed/lib/rv32imacxw/ilp32\libg_nano.a(lib_a-gdtoa-hexnan.o)
 .text.__match  0x000000000000713e       0x2e f:/mounriver/mounriver_studio2/resources/app/resources/win32/components/wch/toolchain/risc-v embedded gcc/bin/../lib/gcc/riscv-none-embed/8.2.0/../../../../riscv-none-embed/lib/rv32imacxw/ilp32\libg_nano.a(lib_a-gdtoa-hexnan.o)
                0x000000000000713e                __match
 .text.__hexnan
                0x000000000000716c      0x15e f:/mounriver/mounriver_studio2/resources/app/resources/win32/components/wch/toolchain/risc-v embedded gcc/bin/../lib/gcc/riscv-none-embed/8.2.0/../../../../riscv-none-embed/lib/rv32imacxw/ilp32\libg_nano.a(lib_a-gdtoa-hexnan.o)
                0x000000000000716c                __hexnan
 .text.__locale_ctype_ptr_l
                0x00000000000072ca        0x6 f:/mounriver/mounriver_studio2/resources/app/resources/win32/components/wch/toolchain/risc-v embedded gcc/bin/../lib/gcc/riscv-none-embed/8.2.0/../../../../riscv-none-embed/lib/rv32imacxw/ilp32\libg_nano.a(lib_a-locale.o)
                0x00000000000072ca                __locale_ctype_ptr_l
 .text.__locale_ctype_ptr
                0x00000000000072d0       0x18 f:/mounriver/mounriver_studio2/resources/app/resources/win32/components/wch/toolchain/risc-v embedded gcc/bin/../lib/gcc/riscv-none-embed/8.2.0/../../../../riscv-none-embed/lib/rv32imacxw/ilp32\libg_nano.a(lib_a-locale.o)
                0x00000000000072d0                __locale_ctype_ptr
 .text.__localeconv_l
                0x00000000000072e8        0x6 f:/mounriver/mounriver_studio2/resources/app/resources/win32/components/wch/toolchain/risc-v embedded gcc/bin/../lib/gcc/riscv-none-embed/8.2.0/../../../../riscv-none-embed/lib/rv32imacxw/ilp32\libg_nano.a(lib_a-localeconv.o)
                0x00000000000072e8                __localeconv_l
 .text._localeconv_r
                0x00000000000072ee       0x18 f:/mounriver/mounriver_studio2/resources/app/resources/win32/components/wch/toolchain/risc-v embedded gcc/bin/../lib/gcc/riscv-none-embed/8.2.0/../../../../riscv-none-embed/lib/rv32imacxw/ilp32\libg_nano.a(lib_a-localeconv.o)
                0x00000000000072ee                _localeconv_r
 .text.__swhatbuf_r
                0x0000000000007306       0x58 f:/mounriver/mounriver_studio2/resources/app/resources/win32/components/wch/toolchain/risc-v embedded gcc/bin/../lib/gcc/riscv-none-embed/8.2.0/../../../../riscv-none-embed/lib/rv32imacxw/ilp32\libg_nano.a(lib_a-makebuf.o)
                0x0000000000007306                __swhatbuf_r
 .text.__smakebuf_r
                0x000000000000735e       0x94 f:/mounriver/mounriver_studio2/resources/app/resources/win32/components/wch/toolchain/risc-v embedded gcc/bin/../lib/gcc/riscv-none-embed/8.2.0/../../../../riscv-none-embed/lib/rv32imacxw/ilp32\libg_nano.a(lib_a-makebuf.o)
                0x000000000000735e                __smakebuf_r
 .text.malloc   0x00000000000073f2        0xc f:/mounriver/mounriver_studio2/resources/app/resources/win32/components/wch/toolchain/risc-v embedded gcc/bin/../lib/gcc/riscv-none-embed/8.2.0/../../../../riscv-none-embed/lib/rv32imacxw/ilp32\libg_nano.a(lib_a-malloc.o)
                0x00000000000073f2                malloc
 .text.__ascii_mbtowc
                0x00000000000073fe       0x32 f:/mounriver/mounriver_studio2/resources/app/resources/win32/components/wch/toolchain/risc-v embedded gcc/bin/../lib/gcc/riscv-none-embed/8.2.0/../../../../riscv-none-embed/lib/rv32imacxw/ilp32\libg_nano.a(lib_a-mbtowc_r.o)
                0x00000000000073fe                __ascii_mbtowc
 .text.memchr   0x0000000000007430       0x18 f:/mounriver/mounriver_studio2/resources/app/resources/win32/components/wch/toolchain/risc-v embedded gcc/bin/../lib/gcc/riscv-none-embed/8.2.0/../../../../riscv-none-embed/lib/rv32imacxw/ilp32\libg_nano.a(lib_a-memchr.o)
                0x0000000000007430                memchr
 .text.memcpy   0x0000000000007448       0xb2 f:/mounriver/mounriver_studio2/resources/app/resources/win32/components/wch/toolchain/risc-v embedded gcc/bin/../lib/gcc/riscv-none-embed/8.2.0/../../../../riscv-none-embed/lib/rv32imacxw/ilp32\libg_nano.a(lib_a-memcpy.o)
                0x0000000000007448                memcpy
 .text._Balloc  0x00000000000074fa       0x8c f:/mounriver/mounriver_studio2/resources/app/resources/win32/components/wch/toolchain/risc-v embedded gcc/bin/../lib/gcc/riscv-none-embed/8.2.0/../../../../riscv-none-embed/lib/rv32imacxw/ilp32\libg_nano.a(lib_a-mprec.o)
                0x00000000000074fa                _Balloc
 .text._Bfree   0x0000000000007586       0x44 f:/mounriver/mounriver_studio2/resources/app/resources/win32/components/wch/toolchain/risc-v embedded gcc/bin/../lib/gcc/riscv-none-embed/8.2.0/../../../../riscv-none-embed/lib/rv32imacxw/ilp32\libg_nano.a(lib_a-mprec.o)
                0x0000000000007586                _Bfree
 .text.__multadd
                0x00000000000075ca       0x98 f:/mounriver/mounriver_studio2/resources/app/resources/win32/components/wch/toolchain/risc-v embedded gcc/bin/../lib/gcc/riscv-none-embed/8.2.0/../../../../riscv-none-embed/lib/rv32imacxw/ilp32\libg_nano.a(lib_a-mprec.o)
                0x00000000000075ca                __multadd
 .text.__s2b    0x0000000000007662       0xa4 f:/mounriver/mounriver_studio2/resources/app/resources/win32/components/wch/toolchain/risc-v embedded gcc/bin/../lib/gcc/riscv-none-embed/8.2.0/../../../../riscv-none-embed/lib/rv32imacxw/ilp32\libg_nano.a(lib_a-mprec.o)
                0x0000000000007662                __s2b
 .text.__hi0bits
                0x0000000000007706       0x46 f:/mounriver/mounriver_studio2/resources/app/resources/win32/components/wch/toolchain/risc-v embedded gcc/bin/../lib/gcc/riscv-none-embed/8.2.0/../../../../riscv-none-embed/lib/rv32imacxw/ilp32\libg_nano.a(lib_a-mprec.o)
                0x0000000000007706                __hi0bits
 .text.__lo0bits
                0x000000000000774c       0x6a f:/mounriver/mounriver_studio2/resources/app/resources/win32/components/wch/toolchain/risc-v embedded gcc/bin/../lib/gcc/riscv-none-embed/8.2.0/../../../../riscv-none-embed/lib/rv32imacxw/ilp32\libg_nano.a(lib_a-mprec.o)
                0x000000000000774c                __lo0bits
 .text.__i2b    0x00000000000077b6       0x1c f:/mounriver/mounriver_studio2/resources/app/resources/win32/components/wch/toolchain/risc-v embedded gcc/bin/../lib/gcc/riscv-none-embed/8.2.0/../../../../riscv-none-embed/lib/rv32imacxw/ilp32\libg_nano.a(lib_a-mprec.o)
                0x00000000000077b6                __i2b
 .text.__multiply
                0x00000000000077d2      0x144 f:/mounriver/mounriver_studio2/resources/app/resources/win32/components/wch/toolchain/risc-v embedded gcc/bin/../lib/gcc/riscv-none-embed/8.2.0/../../../../riscv-none-embed/lib/rv32imacxw/ilp32\libg_nano.a(lib_a-mprec.o)
                0x00000000000077d2                __multiply
 .text.__pow5mult
                0x0000000000007916       0xbe f:/mounriver/mounriver_studio2/resources/app/resources/win32/components/wch/toolchain/risc-v embedded gcc/bin/../lib/gcc/riscv-none-embed/8.2.0/../../../../riscv-none-embed/lib/rv32imacxw/ilp32\libg_nano.a(lib_a-mprec.o)
                0x0000000000007916                __pow5mult
 .text.__lshift
                0x00000000000079d4       0xce f:/mounriver/mounriver_studio2/resources/app/resources/win32/components/wch/toolchain/risc-v embedded gcc/bin/../lib/gcc/riscv-none-embed/8.2.0/../../../../riscv-none-embed/lib/rv32imacxw/ilp32\libg_nano.a(lib_a-mprec.o)
                0x00000000000079d4                __lshift
 .text.__mcmp   0x0000000000007aa2       0x32 f:/mounriver/mounriver_studio2/resources/app/resources/win32/components/wch/toolchain/risc-v embedded gcc/bin/../lib/gcc/riscv-none-embed/8.2.0/../../../../riscv-none-embed/lib/rv32imacxw/ilp32\libg_nano.a(lib_a-mprec.o)
                0x0000000000007aa2                __mcmp
 .text.__mdiff  0x0000000000007ad4       0xf2 f:/mounriver/mounriver_studio2/resources/app/resources/win32/components/wch/toolchain/risc-v embedded gcc/bin/../lib/gcc/riscv-none-embed/8.2.0/../../../../riscv-none-embed/lib/rv32imacxw/ilp32\libg_nano.a(lib_a-mprec.o)
                0x0000000000007ad4                __mdiff
 .text.__ulp    0x0000000000007bc6       0x46 f:/mounriver/mounriver_studio2/resources/app/resources/win32/components/wch/toolchain/risc-v embedded gcc/bin/../lib/gcc/riscv-none-embed/8.2.0/../../../../riscv-none-embed/lib/rv32imacxw/ilp32\libg_nano.a(lib_a-mprec.o)
                0x0000000000007bc6                __ulp
 .text.__b2d    0x0000000000007c0c       0xb4 f:/mounriver/mounriver_studio2/resources/app/resources/win32/components/wch/toolchain/risc-v embedded gcc/bin/../lib/gcc/riscv-none-embed/8.2.0/../../../../riscv-none-embed/lib/rv32imacxw/ilp32\libg_nano.a(lib_a-mprec.o)
                0x0000000000007c0c                __b2d
 .text.__d2b    0x0000000000007cc0       0xd4 f:/mounriver/mounriver_studio2/resources/app/resources/win32/components/wch/toolchain/risc-v embedded gcc/bin/../lib/gcc/riscv-none-embed/8.2.0/../../../../riscv-none-embed/lib/rv32imacxw/ilp32\libg_nano.a(lib_a-mprec.o)
                0x0000000000007cc0                __d2b
 .text.__ratio  0x0000000000007d94       0x74 f:/mounriver/mounriver_studio2/resources/app/resources/win32/components/wch/toolchain/risc-v embedded gcc/bin/../lib/gcc/riscv-none-embed/8.2.0/../../../../riscv-none-embed/lib/rv32imacxw/ilp32\libg_nano.a(lib_a-mprec.o)
                0x0000000000007d94                __ratio
 .text.__copybits
                0x0000000000007e08       0x36 f:/mounriver/mounriver_studio2/resources/app/resources/win32/components/wch/toolchain/risc-v embedded gcc/bin/../lib/gcc/riscv-none-embed/8.2.0/../../../../riscv-none-embed/lib/rv32imacxw/ilp32\libg_nano.a(lib_a-mprec.o)
                0x0000000000007e08                __copybits
 .text.__any_on
                0x0000000000007e3e       0x46 f:/mounriver/mounriver_studio2/resources/app/resources/win32/components/wch/toolchain/risc-v embedded gcc/bin/../lib/gcc/riscv-none-embed/8.2.0/../../../../riscv-none-embed/lib/rv32imacxw/ilp32\libg_nano.a(lib_a-mprec.o)
                0x0000000000007e3e                __any_on
 .text._calloc_r
                0x0000000000007e84       0x26 f:/mounriver/mounriver_studio2/resources/app/resources/win32/components/wch/toolchain/risc-v embedded gcc/bin/../lib/gcc/riscv-none-embed/8.2.0/../../../../riscv-none-embed/lib/rv32imacxw/ilp32\libg_nano.a(lib_a-nano-callocr.o)
                0x0000000000007e84                _calloc_r
 .text._free_r  0x0000000000007eaa       0xa8 f:/mounriver/mounriver_studio2/resources/app/resources/win32/components/wch/toolchain/risc-v embedded gcc/bin/../lib/gcc/riscv-none-embed/8.2.0/../../../../riscv-none-embed/lib/rv32imacxw/ilp32\libg_nano.a(lib_a-nano-freer.o)
                0x0000000000007eaa                _free_r
 .text._malloc_r
                0x0000000000007f52       0xda f:/mounriver/mounriver_studio2/resources/app/resources/win32/components/wch/toolchain/risc-v embedded gcc/bin/../lib/gcc/riscv-none-embed/8.2.0/../../../../riscv-none-embed/lib/rv32imacxw/ilp32\libg_nano.a(lib_a-nano-mallocr.o)
                0x0000000000007f52                _malloc_r
 .text.__ssputs_r
                0x000000000000802c       0xe4 f:/mounriver/mounriver_studio2/resources/app/resources/win32/components/wch/toolchain/risc-v embedded gcc/bin/../lib/gcc/riscv-none-embed/8.2.0/../../../../riscv-none-embed/lib/rv32imacxw/ilp32\libg_nano.a(lib_a-nano-svfprintf.o)
                0x000000000000802c                __ssputs_r
 .text._svfprintf_r
                0x0000000000008110      0x268 f:/mounriver/mounriver_studio2/resources/app/resources/win32/components/wch/toolchain/risc-v embedded gcc/bin/../lib/gcc/riscv-none-embed/8.2.0/../../../../riscv-none-embed/lib/rv32imacxw/ilp32\libg_nano.a(lib_a-nano-svfprintf.o)
                0x0000000000008110                _svfiprintf_r
                0x0000000000008110                _svfprintf_r
 .text._sungetc_r
                0x0000000000008378       0x96 f:/mounriver/mounriver_studio2/resources/app/resources/win32/components/wch/toolchain/risc-v embedded gcc/bin/../lib/gcc/riscv-none-embed/8.2.0/../../../../riscv-none-embed/lib/rv32imacxw/ilp32\libg_nano.a(lib_a-nano-svfscanf.o)
                0x0000000000008378                _sungetc_r
 .text.__ssrefill_r
                0x000000000000840e       0x44 f:/mounriver/mounriver_studio2/resources/app/resources/win32/components/wch/toolchain/risc-v embedded gcc/bin/../lib/gcc/riscv-none-embed/8.2.0/../../../../riscv-none-embed/lib/rv32imacxw/ilp32\libg_nano.a(lib_a-nano-svfscanf.o)
                0x000000000000840e                __ssrefill_r
 .text.__ssvfscanf_r
                0x0000000000008452      0x39e f:/mounriver/mounriver_studio2/resources/app/resources/win32/components/wch/toolchain/risc-v embedded gcc/bin/../lib/gcc/riscv-none-embed/8.2.0/../../../../riscv-none-embed/lib/rv32imacxw/ilp32\libg_nano.a(lib_a-nano-svfscanf.o)
                0x0000000000008452                __ssvfiscanf_r
                0x0000000000008452                __ssvfscanf_r
 .text.__sfputc_r
                0x00000000000087f0       0x28 f:/mounriver/mounriver_studio2/resources/app/resources/win32/components/wch/toolchain/risc-v embedded gcc/bin/../lib/gcc/riscv-none-embed/8.2.0/../../../../riscv-none-embed/lib/rv32imacxw/ilp32\libg_nano.a(lib_a-nano-vfprintf.o)
 .text.__sfputs_r
                0x0000000000008818       0x42 f:/mounriver/mounriver_studio2/resources/app/resources/win32/components/wch/toolchain/risc-v embedded gcc/bin/../lib/gcc/riscv-none-embed/8.2.0/../../../../riscv-none-embed/lib/rv32imacxw/ilp32\libg_nano.a(lib_a-nano-vfprintf.o)
                0x0000000000008818                __sfputs_r
 .text._vfprintf_r
                0x000000000000885a      0x28c f:/mounriver/mounriver_studio2/resources/app/resources/win32/components/wch/toolchain/risc-v embedded gcc/bin/../lib/gcc/riscv-none-embed/8.2.0/../../../../riscv-none-embed/lib/rv32imacxw/ilp32\libg_nano.a(lib_a-nano-vfprintf.o)
                0x000000000000885a                _vfprintf_r
                0x000000000000885a                _vfiprintf_r
 .text._scanf_chars
                0x0000000000008ae6       0xe2 f:/mounriver/mounriver_studio2/resources/app/resources/win32/components/wch/toolchain/risc-v embedded gcc/bin/../lib/gcc/riscv-none-embed/8.2.0/../../../../riscv-none-embed/lib/rv32imacxw/ilp32\libg_nano.a(lib_a-nano-vfscanf_i.o)
                0x0000000000008ae6                _scanf_chars
 .text._scanf_i
                0x0000000000008bc8      0x258 f:/mounriver/mounriver_studio2/resources/app/resources/win32/components/wch/toolchain/risc-v embedded gcc/bin/../lib/gcc/riscv-none-embed/8.2.0/../../../../riscv-none-embed/lib/rv32imacxw/ilp32\libg_nano.a(lib_a-nano-vfscanf_i.o)
                0x0000000000008bc8                _scanf_i
 .text._sbrk_r  0x0000000000008e20       0x2a f:/mounriver/mounriver_studio2/resources/app/resources/win32/components/wch/toolchain/risc-v embedded gcc/bin/../lib/gcc/riscv-none-embed/8.2.0/../../../../riscv-none-embed/lib/rv32imacxw/ilp32\libg_nano.a(lib_a-sbrkr.o)
                0x0000000000008e20                _sbrk_r
 .text.__sccl   0x0000000000008e4a       0x82 f:/mounriver/mounriver_studio2/resources/app/resources/win32/components/wch/toolchain/risc-v embedded gcc/bin/../lib/gcc/riscv-none-embed/8.2.0/../../../../riscv-none-embed/lib/rv32imacxw/ilp32\libg_nano.a(lib_a-sccl.o)
                0x0000000000008e4a                __sccl
 .text.__sread  0x0000000000008ecc       0x2c f:/mounriver/mounriver_studio2/resources/app/resources/win32/components/wch/toolchain/risc-v embedded gcc/bin/../lib/gcc/riscv-none-embed/8.2.0/../../../../riscv-none-embed/lib/rv32imacxw/ilp32\libg_nano.a(lib_a-stdio.o)
                0x0000000000008ecc                __sread
 .text.__seofread
                0x0000000000008ef8        0x4 f:/mounriver/mounriver_studio2/resources/app/resources/win32/components/wch/toolchain/risc-v embedded gcc/bin/../lib/gcc/riscv-none-embed/8.2.0/../../../../riscv-none-embed/lib/rv32imacxw/ilp32\libg_nano.a(lib_a-stdio.o)
                0x0000000000008ef8                __seofread
 .text.__swrite
                0x0000000000008efc       0x48 f:/mounriver/mounriver_studio2/resources/app/resources/win32/components/wch/toolchain/risc-v embedded gcc/bin/../lib/gcc/riscv-none-embed/8.2.0/../../../../riscv-none-embed/lib/rv32imacxw/ilp32\libg_nano.a(lib_a-stdio.o)
                0x0000000000008efc                __swrite
 .text.__sseek  0x0000000000008f44       0x30 f:/mounriver/mounriver_studio2/resources/app/resources/win32/components/wch/toolchain/risc-v embedded gcc/bin/../lib/gcc/riscv-none-embed/8.2.0/../../../../riscv-none-embed/lib/rv32imacxw/ilp32\libg_nano.a(lib_a-stdio.o)
                0x0000000000008f44                __sseek
 .text.__sclose
                0x0000000000008f74        0x6 f:/mounriver/mounriver_studio2/resources/app/resources/win32/components/wch/toolchain/risc-v embedded gcc/bin/../lib/gcc/riscv-none-embed/8.2.0/../../../../riscv-none-embed/lib/rv32imacxw/ilp32\libg_nano.a(lib_a-stdio.o)
                0x0000000000008f74                __sclose
 .text.strncmp  0x0000000000008f7a       0x28 f:/mounriver/mounriver_studio2/resources/app/resources/win32/components/wch/toolchain/risc-v embedded gcc/bin/../lib/gcc/riscv-none-embed/8.2.0/../../../../riscv-none-embed/lib/rv32imacxw/ilp32\libg_nano.a(lib_a-strncmp.o)
                0x0000000000008f7a                strncmp
 .text._strtoul_l.isra.0
                0x0000000000008fa2      0x130 f:/mounriver/mounriver_studio2/resources/app/resources/win32/components/wch/toolchain/risc-v embedded gcc/bin/../lib/gcc/riscv-none-embed/8.2.0/../../../../riscv-none-embed/lib/rv32imacxw/ilp32\libg_nano.a(lib_a-strtoul.o)
 .text._strtoul_r
                0x00000000000090d2       0x16 f:/mounriver/mounriver_studio2/resources/app/resources/win32/components/wch/toolchain/risc-v embedded gcc/bin/../lib/gcc/riscv-none-embed/8.2.0/../../../../riscv-none-embed/lib/rv32imacxw/ilp32\libg_nano.a(lib_a-strtoul.o)
                0x00000000000090d2                _strtoul_r
 .text.__submore
                0x00000000000090e8       0x84 f:/mounriver/mounriver_studio2/resources/app/resources/win32/components/wch/toolchain/risc-v embedded gcc/bin/../lib/gcc/riscv-none-embed/8.2.0/../../../../riscv-none-embed/lib/rv32imacxw/ilp32\libg_nano.a(lib_a-ungetc.o)
                0x00000000000090e8                __submore
 .text.__ascii_wctomb
                0x000000000000916c       0x1e f:/mounriver/mounriver_studio2/resources/app/resources/win32/components/wch/toolchain/risc-v embedded gcc/bin/../lib/gcc/riscv-none-embed/8.2.0/../../../../riscv-none-embed/lib/rv32imacxw/ilp32\libg_nano.a(lib_a-wctomb_r.o)
                0x000000000000916c                __ascii_wctomb
 .text._write_r
                0x000000000000918a       0x2e f:/mounriver/mounriver_studio2/resources/app/resources/win32/components/wch/toolchain/risc-v embedded gcc/bin/../lib/gcc/riscv-none-embed/8.2.0/../../../../riscv-none-embed/lib/rv32imacxw/ilp32\libg_nano.a(lib_a-writer.o)
                0x000000000000918a                _write_r
 .text._close_r
                0x00000000000091b8       0x2a f:/mounriver/mounriver_studio2/resources/app/resources/win32/components/wch/toolchain/risc-v embedded gcc/bin/../lib/gcc/riscv-none-embed/8.2.0/../../../../riscv-none-embed/lib/rv32imacxw/ilp32\libg_nano.a(lib_a-closer.o)
                0x00000000000091b8                _close_r
 .text._fstat_r
                0x00000000000091e2       0x2c f:/mounriver/mounriver_studio2/resources/app/resources/win32/components/wch/toolchain/risc-v embedded gcc/bin/../lib/gcc/riscv-none-embed/8.2.0/../../../../riscv-none-embed/lib/rv32imacxw/ilp32\libg_nano.a(lib_a-fstatr.o)
                0x00000000000091e2                _fstat_r
 .text._isatty_r
                0x000000000000920e       0x2a f:/mounriver/mounriver_studio2/resources/app/resources/win32/components/wch/toolchain/risc-v embedded gcc/bin/../lib/gcc/riscv-none-embed/8.2.0/../../../../riscv-none-embed/lib/rv32imacxw/ilp32\libg_nano.a(lib_a-isattyr.o)
                0x000000000000920e                _isatty_r
 .text._lseek_r
                0x0000000000009238       0x2e f:/mounriver/mounriver_studio2/resources/app/resources/win32/components/wch/toolchain/risc-v embedded gcc/bin/../lib/gcc/riscv-none-embed/8.2.0/../../../../riscv-none-embed/lib/rv32imacxw/ilp32\libg_nano.a(lib_a-lseekr.o)
                0x0000000000009238                _lseek_r
 .text.memmove  0x0000000000009266       0x46 f:/mounriver/mounriver_studio2/resources/app/resources/win32/components/wch/toolchain/risc-v embedded gcc/bin/../lib/gcc/riscv-none-embed/8.2.0/../../../../riscv-none-embed/lib/rv32imacxw/ilp32\libg_nano.a(lib_a-memmove.o)
                0x0000000000009266                memmove
 .text.__malloc_lock
                0x00000000000092ac        0x2 f:/mounriver/mounriver_studio2/resources/app/resources/win32/components/wch/toolchain/risc-v embedded gcc/bin/../lib/gcc/riscv-none-embed/8.2.0/../../../../riscv-none-embed/lib/rv32imacxw/ilp32\libg_nano.a(lib_a-mlock.o)
                0x00000000000092ac                __malloc_lock
 .text.__malloc_unlock
                0x00000000000092ae        0x2 f:/mounriver/mounriver_studio2/resources/app/resources/win32/components/wch/toolchain/risc-v embedded gcc/bin/../lib/gcc/riscv-none-embed/8.2.0/../../../../riscv-none-embed/lib/rv32imacxw/ilp32\libg_nano.a(lib_a-mlock.o)
                0x00000000000092ae                __malloc_unlock
 .text._realloc_r
                0x00000000000092b0       0x58 f:/mounriver/mounriver_studio2/resources/app/resources/win32/components/wch/toolchain/risc-v embedded gcc/bin/../lib/gcc/riscv-none-embed/8.2.0/../../../../riscv-none-embed/lib/rv32imacxw/ilp32\libg_nano.a(lib_a-nano-reallocr.o)
                0x00000000000092b0                _realloc_r
 .text._read_r  0x0000000000009308       0x2e f:/mounriver/mounriver_studio2/resources/app/resources/win32/components/wch/toolchain/risc-v embedded gcc/bin/../lib/gcc/riscv-none-embed/8.2.0/../../../../riscv-none-embed/lib/rv32imacxw/ilp32\libg_nano.a(lib_a-readr.o)
                0x0000000000009308                _read_r
 .text._malloc_usable_size_r
                0x0000000000009336       0x14 f:/mounriver/mounriver_studio2/resources/app/resources/win32/components/wch/toolchain/risc-v embedded gcc/bin/../lib/gcc/riscv-none-embed/8.2.0/../../../../riscv-none-embed/lib/rv32imacxw/ilp32\libg_nano.a(lib_a-nano-msizer.o)
                0x0000000000009336                _malloc_usable_size_r
 .text.__adddf3
                0x000000000000934a      0x730 f:/mounriver/mounriver_studio2/resources/app/resources/win32/components/wch/toolchain/risc-v embedded gcc/bin/../lib/gcc/riscv-none-embed/8.2.0/rv32imacxw/ilp32\libgcc.a(adddf3.o)
                0x000000000000934a                __adddf3
 .text.__eqdf2  0x0000000000009a7a       0x6a f:/mounriver/mounriver_studio2/resources/app/resources/win32/components/wch/toolchain/risc-v embedded gcc/bin/../lib/gcc/riscv-none-embed/8.2.0/rv32imacxw/ilp32\libgcc.a(eqdf2.o)
                0x0000000000009a7a                __nedf2
                0x0000000000009a7a                __eqdf2
 .text.__gedf2  0x0000000000009ae4       0xae f:/mounriver/mounriver_studio2/resources/app/resources/win32/components/wch/toolchain/risc-v embedded gcc/bin/../lib/gcc/riscv-none-embed/8.2.0/rv32imacxw/ilp32\libgcc.a(gedf2.o)
                0x0000000000009ae4                __gedf2
                0x0000000000009ae4                __gtdf2
 .text.__ledf2  0x0000000000009b92       0xb6 f:/mounriver/mounriver_studio2/resources/app/resources/win32/components/wch/toolchain/risc-v embedded gcc/bin/../lib/gcc/riscv-none-embed/8.2.0/rv32imacxw/ilp32\libgcc.a(ledf2.o)
                0x0000000000009b92                __ledf2
                0x0000000000009b92                __ltdf2
 .text.__subdf3
                0x0000000000009c48      0x73e f:/mounriver/mounriver_studio2/resources/app/resources/win32/components/wch/toolchain/risc-v embedded gcc/bin/../lib/gcc/riscv-none-embed/8.2.0/rv32imacxw/ilp32\libgcc.a(subdf3.o)
                0x0000000000009c48                __subdf3
 .text.__unorddf2
                0x000000000000a386       0x3c f:/mounriver/mounriver_studio2/resources/app/resources/win32/components/wch/toolchain/risc-v embedded gcc/bin/../lib/gcc/riscv-none-embed/8.2.0/rv32imacxw/ilp32\libgcc.a(unorddf2.o)
                0x000000000000a386                __unorddf2
 .text.__fixdfsi
                0x000000000000a3c2       0x68 f:/mounriver/mounriver_studio2/resources/app/resources/win32/components/wch/toolchain/risc-v embedded gcc/bin/../lib/gcc/riscv-none-embed/8.2.0/rv32imacxw/ilp32\libgcc.a(fixdfsi.o)
                0x000000000000a3c2                __fixdfsi
 .text.__fixunsdfsi
                0x000000000000a42a       0x5c f:/mounriver/mounriver_studio2/resources/app/resources/win32/components/wch/toolchain/risc-v embedded gcc/bin/../lib/gcc/riscv-none-embed/8.2.0/rv32imacxw/ilp32\libgcc.a(fixunsdfsi.o)
                0x000000000000a42a                __fixunsdfsi
 .text.__floatunsidf
                0x000000000000a486       0x68 f:/mounriver/mounriver_studio2/resources/app/resources/win32/components/wch/toolchain/risc-v embedded gcc/bin/../lib/gcc/riscv-none-embed/8.2.0/rv32imacxw/ilp32\libgcc.a(floatunsidf.o)
                0x000000000000a486                __floatunsidf
 .text.__extenddftf2
                0x000000000000a4ee      0x1a0 f:/mounriver/mounriver_studio2/resources/app/resources/win32/components/wch/toolchain/risc-v embedded gcc/bin/../lib/gcc/riscv-none-embed/8.2.0/rv32imacxw/ilp32\libgcc.a(extenddftf2.o)
                0x000000000000a4ee                __extenddftf2
 .text.__truncdfsf2
                0x000000000000a68e      0x16a f:/mounriver/mounriver_studio2/resources/app/resources/win32/components/wch/toolchain/risc-v embedded gcc/bin/../lib/gcc/riscv-none-embed/8.2.0/rv32imacxw/ilp32\libgcc.a(truncdfsf2.o)
                0x000000000000a68e                __truncdfsf2
 .text.__trunctfdf2
                0x000000000000a7f8      0x21e f:/mounriver/mounriver_studio2/resources/app/resources/win32/components/wch/toolchain/risc-v embedded gcc/bin/../lib/gcc/riscv-none-embed/8.2.0/rv32imacxw/ilp32\libgcc.a(trunctfdf2.o)
                0x000000000000a7f8                __trunctfdf2
 .text._close   0x000000000000aa16        0xc f:/mounriver/mounriver_studio2/resources/app/resources/win32/components/wch/toolchain/risc-v embedded gcc/bin/../lib/gcc/riscv-none-embed/8.2.0/../../../../riscv-none-embed/lib/rv32imacxw/ilp32\libnosys.a(close.o)
                0x000000000000aa16                _close
 .text._fstat   0x000000000000aa22        0xc f:/mounriver/mounriver_studio2/resources/app/resources/win32/components/wch/toolchain/risc-v embedded gcc/bin/../lib/gcc/riscv-none-embed/8.2.0/../../../../riscv-none-embed/lib/rv32imacxw/ilp32\libnosys.a(fstat.o)
                0x000000000000aa22                _fstat
 .text._isatty  0x000000000000aa2e        0xc f:/mounriver/mounriver_studio2/resources/app/resources/win32/components/wch/toolchain/risc-v embedded gcc/bin/../lib/gcc/riscv-none-embed/8.2.0/../../../../riscv-none-embed/lib/rv32imacxw/ilp32\libnosys.a(isatty.o)
                0x000000000000aa2e                _isatty
 .text._lseek   0x000000000000aa3a        0xc f:/mounriver/mounriver_studio2/resources/app/resources/win32/components/wch/toolchain/risc-v embedded gcc/bin/../lib/gcc/riscv-none-embed/8.2.0/../../../../riscv-none-embed/lib/rv32imacxw/ilp32\libnosys.a(lseek.o)
                0x000000000000aa3a                _lseek
 .text._read    0x000000000000aa46        0xc f:/mounriver/mounriver_studio2/resources/app/resources/win32/components/wch/toolchain/risc-v embedded gcc/bin/../lib/gcc/riscv-none-embed/8.2.0/../../../../riscv-none-embed/lib/rv32imacxw/ilp32\libnosys.a(read.o)
                0x000000000000aa46                _read
 *(.rodata)
 *(.rodata*)
 *fill*         0x000000000000aa52        0x2 
 .rodata.sample_run.cst4
                0x000000000000aa54       0x10 ./User/code/src/adc.o
 .rodata.lead_init.cst4
                0x000000000000aa64        0x4 ./User/code/src/lead.o
 .rodata.pid_init.cst4
                0x000000000000aa68        0x8 ./User/code/src/pid.o
                                          0xc (size before relaxing)
 .rodata.conv_mode_select.cst4
                0x000000000000aa70        0x4 ./User/main.o
 .rodata.main.cst4
                0x000000000000aa70        0xc ./User/main.o
                                         0x14 (size before relaxing)
 *fill*         0x000000000000aa7c        0x4 
 .rodata.main.cst8
                0x000000000000aa80       0x10 ./User/main.o
 .rodata.main.str1.4
                0x000000000000aa90      0x18e ./User/main.o
 *fill*         0x000000000000ac1e        0x2 
 .rodata.mode_name.5943
                0x000000000000ac20        0xc ./User/main.o
 .rodata.pid_switch_params.cst4
                0x000000000000ac2c       0x2c ./User/main.o
 .rodata.str1.4
                0x000000000000ac58       0x13 ./User/main.o
 *fill*         0x000000000000ac6b        0x1 
 .rodata.debug_scanf.str1.4
                0x000000000000ac6c        0x2 ./Debug/debug.o
 *fill*         0x000000000000ac6e        0x2 
 .rodata.__divdf3
                0x000000000000ac70       0x40 f:/mounriver/mounriver_studio2/resources/app/resources/win32/components/wch/toolchain/risc-v embedded gcc/bin/../lib/gcc/riscv-none-embed/8.2.0/rv32imacxw/ilp32\libgcc.a(divdf3.o)
 .rodata.__muldf3
                0x000000000000acb0       0x40 f:/mounriver/mounriver_studio2/resources/app/resources/win32/components/wch/toolchain/risc-v embedded gcc/bin/../lib/gcc/riscv-none-embed/8.2.0/rv32imacxw/ilp32\libgcc.a(muldf3.o)
 .rodata.__mulsf3
                0x000000000000acf0       0x40 f:/mounriver/mounriver_studio2/resources/app/resources/win32/components/wch/toolchain/risc-v embedded gcc/bin/../lib/gcc/riscv-none-embed/8.2.0/rv32imacxw/ilp32\libgcc.a(mulsf3.o)
 .rodata.__clz_tab
                0x000000000000ad30      0x100 f:/mounriver/mounriver_studio2/resources/app/resources/win32/components/wch/toolchain/risc-v embedded gcc/bin/../lib/gcc/riscv-none-embed/8.2.0/rv32imacxw/ilp32\libgcc.a(_clz.o)
                0x000000000000ad30                __clz_tab
 .rodata._printf_float.cst8
                0x000000000000ae30        0x8 f:/mounriver/mounriver_studio2/resources/app/resources/win32/components/wch/toolchain/risc-v embedded gcc/bin/../lib/gcc/riscv-none-embed/8.2.0/../../../../riscv-none-embed/lib/rv32imacxw/ilp32\libg_nano.a(lib_a-nano-vfprintf_float.o)
 .rodata._printf_float.str1.4
                0x000000000000ae38       0x12 f:/mounriver/mounriver_studio2/resources/app/resources/win32/components/wch/toolchain/risc-v embedded gcc/bin/../lib/gcc/riscv-none-embed/8.2.0/../../../../riscv-none-embed/lib/rv32imacxw/ilp32\libg_nano.a(lib_a-nano-vfprintf_float.o)
 *fill*         0x000000000000ae4a        0x2 
 .rodata._printf_i.str1.4
                0x000000000000ae4c       0x25 f:/mounriver/mounriver_studio2/resources/app/resources/win32/components/wch/toolchain/risc-v embedded gcc/bin/../lib/gcc/riscv-none-embed/8.2.0/../../../../riscv-none-embed/lib/rv32imacxw/ilp32\libg_nano.a(lib_a-nano-vfprintf_i.o)
 *fill*         0x000000000000ae71        0x3 
 .rodata._scanf_float.str1.4
                0x000000000000ae74        0x5 f:/mounriver/mounriver_studio2/resources/app/resources/win32/components/wch/toolchain/risc-v embedded gcc/bin/../lib/gcc/riscv-none-embed/8.2.0/../../../../riscv-none-embed/lib/rv32imacxw/ilp32\libg_nano.a(lib_a-nano-vfscanf_float.o)
 *fill*         0x000000000000ae79        0x3 
 .rodata.nanf.cst4
                0x000000000000ae7c        0x4 f:/mounriver/mounriver_studio2/resources/app/resources/win32/components/wch/toolchain/risc-v embedded gcc/bin/../lib/gcc/riscv-none-embed/8.2.0/../../../../riscv-none-embed/lib/rv32imacxw/ilp32\libg_nano.a(lib_a-sf_nan.o)
 .rodata._strtod_l
                0x000000000000ae80       0x14 f:/mounriver/mounriver_studio2/resources/app/resources/win32/components/wch/toolchain/risc-v embedded gcc/bin/../lib/gcc/riscv-none-embed/8.2.0/../../../../riscv-none-embed/lib/rv32imacxw/ilp32\libg_nano.a(lib_a-strtod.o)
 *fill*         0x000000000000ae94        0x4 
 .rodata._strtod_l.cst8
                0x000000000000ae98       0x38 f:/mounriver/mounriver_studio2/resources/app/resources/win32/components/wch/toolchain/risc-v embedded gcc/bin/../lib/gcc/riscv-none-embed/8.2.0/../../../../riscv-none-embed/lib/rv32imacxw/ilp32\libg_nano.a(lib_a-strtod.o)
 .rodata._strtod_l.str1.4
                0x000000000000aed0        0xf f:/mounriver/mounriver_studio2/resources/app/resources/win32/components/wch/toolchain/risc-v embedded gcc/bin/../lib/gcc/riscv-none-embed/8.2.0/../../../../riscv-none-embed/lib/rv32imacxw/ilp32\libg_nano.a(lib_a-strtod.o)
 *fill*         0x000000000000aedf        0x1 
 .rodata.fpi.3395
                0x000000000000aee0       0x14 f:/mounriver/mounriver_studio2/resources/app/resources/win32/components/wch/toolchain/risc-v embedded gcc/bin/../lib/gcc/riscv-none-embed/8.2.0/../../../../riscv-none-embed/lib/rv32imacxw/ilp32\libg_nano.a(lib_a-strtod.o)
 .rodata.fpinan.3431
                0x000000000000aef4       0x14 f:/mounriver/mounriver_studio2/resources/app/resources/win32/components/wch/toolchain/risc-v embedded gcc/bin/../lib/gcc/riscv-none-embed/8.2.0/../../../../riscv-none-embed/lib/rv32imacxw/ilp32\libg_nano.a(lib_a-strtod.o)
 .rodata.tinytens
                0x000000000000af08       0x28 f:/mounriver/mounriver_studio2/resources/app/resources/win32/components/wch/toolchain/risc-v embedded gcc/bin/../lib/gcc/riscv-none-embed/8.2.0/../../../../riscv-none-embed/lib/rv32imacxw/ilp32\libg_nano.a(lib_a-strtod.o)
 .rodata._dtoa_r.cst8
                0x000000000000af30       0x30 f:/mounriver/mounriver_studio2/resources/app/resources/win32/components/wch/toolchain/risc-v embedded gcc/bin/../lib/gcc/riscv-none-embed/8.2.0/../../../../riscv-none-embed/lib/rv32imacxw/ilp32\libg_nano.a(lib_a-dtoa.o)
                                         0x48 (size before relaxing)
 .rodata._dtoa_r.str1.4
                0x000000000000af60       0x10 f:/mounriver/mounriver_studio2/resources/app/resources/win32/components/wch/toolchain/risc-v embedded gcc/bin/../lib/gcc/riscv-none-embed/8.2.0/../../../../riscv-none-embed/lib/rv32imacxw/ilp32\libg_nano.a(lib_a-dtoa.o)
                                         0x12 (size before relaxing)
 .rodata.__sf_fake_stderr
                0x000000000000af70       0x20 f:/mounriver/mounriver_studio2/resources/app/resources/win32/components/wch/toolchain/risc-v embedded gcc/bin/../lib/gcc/riscv-none-embed/8.2.0/../../../../riscv-none-embed/lib/rv32imacxw/ilp32\libg_nano.a(lib_a-findfp.o)
                0x000000000000af70                __sf_fake_stderr
 .rodata.__sf_fake_stdin
                0x000000000000af90       0x20 f:/mounriver/mounriver_studio2/resources/app/resources/win32/components/wch/toolchain/risc-v embedded gcc/bin/../lib/gcc/riscv-none-embed/8.2.0/../../../../riscv-none-embed/lib/rv32imacxw/ilp32\libg_nano.a(lib_a-findfp.o)
                0x000000000000af90                __sf_fake_stdin
 .rodata.__sf_fake_stdout
                0x000000000000afb0       0x20 f:/mounriver/mounriver_studio2/resources/app/resources/win32/components/wch/toolchain/risc-v embedded gcc/bin/../lib/gcc/riscv-none-embed/8.2.0/../../../../riscv-none-embed/lib/rv32imacxw/ilp32\libg_nano.a(lib_a-findfp.o)
                0x000000000000afb0                __sf_fake_stdout
 .rodata._setlocale_r.str1.4
                0x000000000000afd0        0xa f:/mounriver/mounriver_studio2/resources/app/resources/win32/components/wch/toolchain/risc-v embedded gcc/bin/../lib/gcc/riscv-none-embed/8.2.0/../../../../riscv-none-embed/lib/rv32imacxw/ilp32\libg_nano.a(lib_a-locale.o)
                                          0xd (size before relaxing)
 *fill*         0x000000000000afda        0x2 
 .rodata.str1.4
                0x000000000000afdc        0x2 f:/mounriver/mounriver_studio2/resources/app/resources/win32/components/wch/toolchain/risc-v embedded gcc/bin/../lib/gcc/riscv-none-embed/8.2.0/../../../../riscv-none-embed/lib/rv32imacxw/ilp32\libg_nano.a(lib_a-locale.o)
 *fill*         0x000000000000afde        0x2 
 .rodata.__mprec_bigtens
                0x000000000000afe0       0x28 f:/mounriver/mounriver_studio2/resources/app/resources/win32/components/wch/toolchain/risc-v embedded gcc/bin/../lib/gcc/riscv-none-embed/8.2.0/../../../../riscv-none-embed/lib/rv32imacxw/ilp32\libg_nano.a(lib_a-mprec.o)
                0x000000000000afe0                __mprec_bigtens
 .rodata.__mprec_tens
                0x000000000000b008       0xc8 f:/mounriver/mounriver_studio2/resources/app/resources/win32/components/wch/toolchain/risc-v embedded gcc/bin/../lib/gcc/riscv-none-embed/8.2.0/../../../../riscv-none-embed/lib/rv32imacxw/ilp32\libg_nano.a(lib_a-mprec.o)
                0x000000000000b008                __mprec_tens
 .rodata.p05.3319
                0x000000000000b0d0        0xc f:/mounriver/mounriver_studio2/resources/app/resources/win32/components/wch/toolchain/risc-v embedded gcc/bin/../lib/gcc/riscv-none-embed/8.2.0/../../../../riscv-none-embed/lib/rv32imacxw/ilp32\libg_nano.a(lib_a-mprec.o)
 .rodata._svfprintf_r.str1.4
                0x000000000000b0dc       0x13 f:/mounriver/mounriver_studio2/resources/app/resources/win32/components/wch/toolchain/risc-v embedded gcc/bin/../lib/gcc/riscv-none-embed/8.2.0/../../../../riscv-none-embed/lib/rv32imacxw/ilp32\libg_nano.a(lib_a-nano-svfprintf.o)
 .rodata.__ssvfscanf_r.str1.4
                0x000000000000b0ef        0x4 f:/mounriver/mounriver_studio2/resources/app/resources/win32/components/wch/toolchain/risc-v embedded gcc/bin/../lib/gcc/riscv-none-embed/8.2.0/../../../../riscv-none-embed/lib/rv32imacxw/ilp32\libg_nano.a(lib_a-nano-svfscanf.o)
 .rodata._vfprintf_r.str1.4
                0x000000000000b0ef       0x13 f:/mounriver/mounriver_studio2/resources/app/resources/win32/components/wch/toolchain/risc-v embedded gcc/bin/../lib/gcc/riscv-none-embed/8.2.0/../../../../riscv-none-embed/lib/rv32imacxw/ilp32\libg_nano.a(lib_a-nano-vfprintf.o)
 *fill*         0x000000000000b0ef        0x1 
 .rodata._scanf_i.str1.4
                0x000000000000b0f0       0x12 f:/mounriver/mounriver_studio2/resources/app/resources/win32/components/wch/toolchain/risc-v embedded gcc/bin/../lib/gcc/riscv-none-embed/8.2.0/../../../../riscv-none-embed/lib/rv32imacxw/ilp32\libg_nano.a(lib_a-nano-vfscanf_i.o)
 *fill*         0x000000000000b102        0x2 
 .rodata.str1.4
                0x000000000000b104        0xc f:/mounriver/mounriver_studio2/resources/app/resources/win32/components/wch/toolchain/risc-v embedded gcc/bin/../lib/gcc/riscv-none-embed/8.2.0/../../../../riscv-none-embed/lib/rv32imacxw/ilp32\libg_nano.a(lib_a-nano-vfscanf_i.o)
                                          0xb (size before relaxing)
 .rodata._ctype_
                0x000000000000b110      0x101 f:/mounriver/mounriver_studio2/resources/app/resources/win32/components/wch/toolchain/risc-v embedded gcc/bin/../lib/gcc/riscv-none-embed/8.2.0/../../../../riscv-none-embed/lib/rv32imacxw/ilp32\libg_nano.a(lib_a-ctype_.o)
                0x000000000000b110                _ctype_
 *(.gnu.linkonce.t.*)
                0x000000000000b214                . = ALIGN (0x4)
 *fill*         0x000000000000b211        0x3 

.rela.dyn       0x000000000000b214        0x0
 .rela.init     0x000000000000b214        0x0 ./User/code/src/adc.o
 .rela.vector   0x000000000000b214        0x0 ./User/code/src/adc.o
 .rela.text.handle_reset
                0x000000000000b214        0x0 ./User/code/src/adc.o
 .rela.text._sbrk
                0x000000000000b214        0x0 ./User/code/src/adc.o
 .rela.sdata.curbrk.5886
                0x000000000000b214        0x0 ./User/code/src/adc.o
 .rela.text._svfprintf_r
                0x000000000000b214        0x0 ./User/code/src/adc.o
 .rela.text.__ssvfscanf_r
                0x000000000000b214        0x0 ./User/code/src/adc.o
 .rela.text._vfprintf_r
                0x000000000000b214        0x0 ./User/code/src/adc.o
 .rela.text._sbrk_r
                0x000000000000b214        0x0 ./User/code/src/adc.o
 .rela.text._write_r
                0x000000000000b214        0x0 ./User/code/src/adc.o
 .rela.text._close_r
                0x000000000000b214        0x0 ./User/code/src/adc.o
 .rela.text._fstat_r
                0x000000000000b214        0x0 ./User/code/src/adc.o
 .rela.text._isatty_r
                0x000000000000b214        0x0 ./User/code/src/adc.o
 .rela.text._lseek_r
                0x000000000000b214        0x0 ./User/code/src/adc.o
 .rela.text._read_r
                0x000000000000b214        0x0 ./User/code/src/adc.o
 .rela.text._close
                0x000000000000b214        0x0 ./User/code/src/adc.o
 .rela.text._fstat
                0x000000000000b214        0x0 ./User/code/src/adc.o
 .rela.text._isatty
                0x000000000000b214        0x0 ./User/code/src/adc.o
 .rela.text._lseek
                0x000000000000b214        0x0 ./User/code/src/adc.o
 .rela.text._read
                0x000000000000b214        0x0 ./User/code/src/adc.o

.fini           0x000000000000b214        0x0
 *(SORT_NONE(.fini))
                0x000000000000b214                . = ALIGN (0x4)
                [!provide]                        PROVIDE (_etext = .)
                [!provide]                        PROVIDE (_eitcm = .)

.preinit_array  0x000000000000b214        0x0
                [!provide]                        PROVIDE (__preinit_array_start = .)
 *(.preinit_array)
                [!provide]                        PROVIDE (__preinit_array_end = .)

.init_array     0x000000000000b214        0x0
                [!provide]                        PROVIDE (__init_array_start = .)
 *(SORT_BY_INIT_PRIORITY(.init_array.*) SORT_BY_INIT_PRIORITY(.ctors.*))
 *(.init_array EXCLUDE_FILE(*crtend?.o *crtend.o *crtbegin?.o *crtbegin.o) .ctors)
                [!provide]                        PROVIDE (__init_array_end = .)

.fini_array     0x000000000000b214        0x0
                [!provide]                        PROVIDE (__fini_array_start = .)
 *(SORT_BY_INIT_PRIORITY(.fini_array.*) SORT_BY_INIT_PRIORITY(.dtors.*))
 *(.fini_array EXCLUDE_FILE(*crtend?.o *crtend.o *crtbegin?.o *crtbegin.o) .dtors)
                [!provide]                        PROVIDE (__fini_array_end = .)

.ctors
 *crtbegin.o(.ctors)
 *crtbegin?.o(.ctors)
 *(EXCLUDE_FILE(*crtend?.o *crtend.o) .ctors)
 *(SORT_BY_NAME(.ctors.*))
 *(.ctors)

.dtors
 *crtbegin.o(.dtors)
 *crtbegin?.o(.dtors)
 *(EXCLUDE_FILE(*crtend?.o *crtend.o) .dtors)
 *(SORT_BY_NAME(.dtors.*))
 *(.dtors)

.dalign         0x0000000020000000        0x0 load address 0x000000000000b214
                0x0000000020000000                . = ALIGN (0x4)
                0x0000000020000000                PROVIDE (_data_vma = .)

.dlalign        0x000000000000b214        0x0
                0x000000000000b214                . = ALIGN (0x4)
                0x000000000000b214                PROVIDE (_data_lma = .)

.data           0x0000000020000000      0x210 load address 0x000000000000b214
 *(.gnu.linkonce.r.*)
 *(.data .data.*)
 .data.AHBPrescTable
                0x0000000020000000       0x10 ./User/system_ch32v30x.o
                0x0000000020000000                AHBPrescTable
 .data.APBAHBPrescTable
                0x0000000020000010       0x10 ./Peripheral/src/ch32v30x_rcc.o
 .data.impure_data
                0x0000000020000020       0x60 f:/mounriver/mounriver_studio2/resources/app/resources/win32/components/wch/toolchain/risc-v embedded gcc/bin/../lib/gcc/riscv-none-embed/8.2.0/../../../../riscv-none-embed/lib/rv32imacxw/ilp32\libg_nano.a(lib_a-impure.o)
 .data.__global_locale
                0x0000000020000080      0x16c f:/mounriver/mounriver_studio2/resources/app/resources/win32/components/wch/toolchain/risc-v embedded gcc/bin/../lib/gcc/riscv-none-embed/8.2.0/../../../../riscv-none-embed/lib/rv32imacxw/ilp32\libg_nano.a(lib_a-locale.o)
                0x0000000020000080                __global_locale
 *(.gnu.linkonce.d.*)
                0x00000000200001f0                . = ALIGN (0x8)
 *fill*         0x00000000200001ec        0x4 
                0x00000000200009f0                PROVIDE (__global_pointer$ = (. + 0x800))
 *(.sdata .sdata.*)
 .sdata.il_ref  0x00000000200001f0        0x4 ./User/main.o
                0x00000000200001f0                il_ref
 .sdata.vref    0x00000000200001f4        0x4 ./User/main.o
 .sdata.SystemCoreClock
                0x00000000200001f8        0x4 ./User/system_ch32v30x.o
                0x00000000200001f8                SystemCoreClock
 .sdata.ADCPrescTable
                0x00000000200001fc        0x4 ./Peripheral/src/ch32v30x_rcc.o
 .sdata.curbrk.5886
                0x0000000020000200        0x4 ./Debug/debug.o
 .sdata._impure_ptr
                0x0000000020000204        0x4 f:/mounriver/mounriver_studio2/resources/app/resources/win32/components/wch/toolchain/risc-v embedded gcc/bin/../lib/gcc/riscv-none-embed/8.2.0/../../../../riscv-none-embed/lib/rv32imacxw/ilp32\libg_nano.a(lib_a-impure.o)
                0x0000000020000204                _impure_ptr
 *(.sdata2.*)
 .sdata2._global_impure_ptr
                0x0000000020000208        0x4 f:/mounriver/mounriver_studio2/resources/app/resources/win32/components/wch/toolchain/risc-v embedded gcc/bin/../lib/gcc/riscv-none-embed/8.2.0/../../../../riscv-none-embed/lib/rv32imacxw/ilp32\libg_nano.a(lib_a-impure.o)
                0x0000000020000208                _global_impure_ptr
 *(.gnu.linkonce.s.*)
                0x0000000020000210                . = ALIGN (0x8)
 *fill*         0x000000002000020c        0x4 
 *(.srodata.cst16)
 *(.srodata.cst8)
 *(.srodata.cst4)
 *(.srodata.cst2)
 *(.srodata .srodata.*)
                0x0000000020000210                . = ALIGN (0x4)
                0x0000000020000210                PROVIDE (_edata = .)

.bss            0x0000000020000210      0x10c load address 0x000000000000b424
                0x0000000020000210                . = ALIGN (0x4)
                0x0000000020000210                PROVIDE (_sbss = .)
 *(.sbss*)
 .sbss.conv_mode
                0x0000000020000210        0x4 ./User/main.o
                0x0000000020000210                conv_mode
 .sbss.log_cnt  0x0000000020000214        0x4 ./User/main.o
 .sbss.loop_cnt
                0x0000000020000218        0x4 ./User/main.o
 .sbss.prev_mode
                0x000000002000021c        0x4 ./User/main.o
 .sbss.NVIC_Priority_Group
                0x0000000020000220        0x4 ./Peripheral/src/ch32v30x_misc.o
                0x0000000020000220                NVIC_Priority_Group
 .sbss.p_ms     0x0000000020000224        0x2 ./Debug/debug.o
 .sbss.p_us     0x0000000020000226        0x1 ./Debug/debug.o
 .sbss.usart_rx_dma_done
                0x0000000020000227        0x1 ./Debug/debug.o
 .sbss.usart_rx_dma_len
                0x0000000020000228        0x2 ./Debug/debug.o
 *fill*         0x000000002000022a        0x2 
 .sbss.__malloc_free_list
                0x000000002000022c        0x4 f:/mounriver/mounriver_studio2/resources/app/resources/win32/components/wch/toolchain/risc-v embedded gcc/bin/../lib/gcc/riscv-none-embed/8.2.0/../../../../riscv-none-embed/lib/rv32imacxw/ilp32\libg_nano.a(lib_a-nano-mallocr.o)
                0x000000002000022c                __malloc_free_list
 .sbss.__malloc_sbrk_start
                0x0000000020000230        0x4 f:/mounriver/mounriver_studio2/resources/app/resources/win32/components/wch/toolchain/risc-v embedded gcc/bin/../lib/gcc/riscv-none-embed/8.2.0/../../../../riscv-none-embed/lib/rv32imacxw/ilp32\libg_nano.a(lib_a-nano-mallocr.o)
                0x0000000020000230                __malloc_sbrk_start
 *(.gnu.linkonce.sb.*)
 *(.bss*)
 .bss.digtal_param
                0x0000000020000234       0x10 ./User/code/src/adc.o
 .bss.physical_param
                0x0000000020000244       0x14 ./User/code/src/adc.o
                0x0000000020000244                physical_param
 .bss.pwm_cfg   0x0000000020000258        0xc ./User/code/src/pwm.o
                0x0000000020000258                pwm_cfg
 .bss.ipid      0x0000000020000264       0x2c ./User/main.o
                0x0000000020000264                ipid
 .bss.vlead     0x0000000020000290       0x1c ./User/main.o
                0x0000000020000290                vlead
 .bss.vpid      0x00000000200002ac       0x2c ./User/main.o
                0x00000000200002ac                vpid
 .bss.usart_rx_dma_buf
                0x00000000200002d8       0x40 ./Debug/debug.o
 *(.gnu.linkonce.b.*)
 *(COMMON*)
 COMMON         0x0000000020000318        0x4 f:/mounriver/mounriver_studio2/resources/app/resources/win32/components/wch/toolchain/risc-v embedded gcc/bin/../lib/gcc/riscv-none-embed/8.2.0/../../../../riscv-none-embed/lib/rv32imacxw/ilp32\libg_nano.a(lib_a-reent.o)
                0x0000000020000318                errno
                0x000000002000031c                . = ALIGN (0x4)
                0x000000002000031c                PROVIDE (_ebss = .)
                0x000000002000031c                PROVIDE (_end = _ebss)
                [!provide]                        PROVIDE (end = .)

.stack          0x0000000020007800      0x800
                0x0000000020007800                PROVIDE (_heap_end = .)
                0x0000000020007800                . = ALIGN (0x4)
                [!provide]                        PROVIDE (_susrstack = .)
                0x0000000020008000                . = (. + __stack_size)
 *fill*         0x0000000020007800      0x800 
                0x0000000020008000                PROVIDE (_eusrstack = .)
OUTPUT(BuckBoost.elf elf32-littleriscv)

.debug_info     0x0000000000000000    0x11160
 .debug_info    0x0000000000000000     0x16e4 ./User/code/src/adc.o
 .debug_info    0x00000000000016e4       0xf3 ./User/code/src/lead.o
 .debug_info    0x00000000000017d7      0x137 ./User/code/src/pid.o
 .debug_info    0x000000000000190e     0x11b4 ./User/code/src/pwm.o
 .debug_info    0x0000000000002ac2      0xbcc ./User/ch32v30x_it.o
 .debug_info    0x000000000000368e     0x13e7 ./User/main.o
 .debug_info    0x0000000000004a75      0xbc1 ./User/system_ch32v30x.o
 .debug_info    0x0000000000005636       0x22 ./Startup/startup_ch32v30x_D8C.o
 .debug_info    0x0000000000005658     0x170f ./Peripheral/src/ch32v30x_adc.o
 .debug_info    0x0000000000006d67      0xaa0 ./Peripheral/src/ch32v30x_dbgmcu.o
 .debug_info    0x0000000000007807      0xd22 ./Peripheral/src/ch32v30x_dma.o
 .debug_info    0x0000000000008529     0x12b6 ./Peripheral/src/ch32v30x_gpio.o
 .debug_info    0x00000000000097df      0xf67 ./Peripheral/src/ch32v30x_misc.o
 .debug_info    0x000000000000a746     0x1596 ./Peripheral/src/ch32v30x_rcc.o
 .debug_info    0x000000000000bcdc     0x2a60 ./Peripheral/src/ch32v30x_tim.o
 .debug_info    0x000000000000e73c     0x13d9 ./Peripheral/src/ch32v30x_usart.o
 .debug_info    0x000000000000fb15     0x164b ./Debug/debug.o

.debug_abbrev   0x0000000000000000     0x2ca7
 .debug_abbrev  0x0000000000000000      0x2c4 ./User/code/src/adc.o
 .debug_abbrev  0x00000000000002c4       0xaf ./User/code/src/lead.o
 .debug_abbrev  0x0000000000000373       0xc0 ./User/code/src/pid.o
 .debug_abbrev  0x0000000000000433      0x26f ./User/code/src/pwm.o
 .debug_abbrev  0x00000000000006a2      0x22c ./User/ch32v30x_it.o
 .debug_abbrev  0x00000000000008ce      0x37a ./User/main.o
 .debug_abbrev  0x0000000000000c48      0x2c0 ./User/system_ch32v30x.o
 .debug_abbrev  0x0000000000000f08       0x12 ./Startup/startup_ch32v30x_D8C.o
 .debug_abbrev  0x0000000000000f1a      0x3a9 ./Peripheral/src/ch32v30x_adc.o
 .debug_abbrev  0x00000000000012c3      0x2f7 ./Peripheral/src/ch32v30x_dbgmcu.o
 .debug_abbrev  0x00000000000015ba      0x2fd ./Peripheral/src/ch32v30x_dma.o
 .debug_abbrev  0x00000000000018b7      0x31a ./Peripheral/src/ch32v30x_gpio.o
 .debug_abbrev  0x0000000000001bd1      0x2da ./Peripheral/src/ch32v30x_misc.o
 .debug_abbrev  0x0000000000001eab      0x351 ./Peripheral/src/ch32v30x_rcc.o
 .debug_abbrev  0x00000000000021fc      0x3ff ./Peripheral/src/ch32v30x_tim.o
 .debug_abbrev  0x00000000000025fb      0x312 ./Peripheral/src/ch32v30x_usart.o
 .debug_abbrev  0x000000000000290d      0x39a ./Debug/debug.o

.debug_loc      0x0000000000000000     0x447a
 .debug_loc     0x0000000000000000       0x42 ./User/code/src/adc.o